23:39:46 **** Incremental Build of configuration Release for project Snickerdoodle_HelloWorld ****
make pre-build main-build 
a9-linaro-pre-build-step
' '
'Building file: ../src/main.cc'
'Invoking: ARM v7 g++ compiler'
arm-none-eabi-g++ -Wall -O2 -c -fmessage-length=0 -MT"src/main.o" -mcpu=cortex-a9 -mfpu=vfpv3 -mfloat-abi=hard -I../../Snickerdoodle_HelloWorld_bsp/ps7_cortexa9_0/include -MMD -MP -MF"src/main.d" -MT"src/main.o" -o "src/main.o" "../src/main.cc"
'Finished building: ../src/main.cc'
' '
'Building target: Snickerdoodle_HelloWorld.elf'
'Invoking: ARM v7 g++ linker'
arm-none-eabi-g++ -mcpu=cortex-a9 -mfpu=vfpv3 -mfloat-abi=hard -Wl,-build-id=none -specs=Xilinx.spec -Wl,-T -Wl,../src/lscript.ld -L../../Snickerdoodle_HelloWorld_bsp/ps7_cortexa9_0/lib -o "Snickerdoodle_HelloWorld.elf"  ./src/main.o   -Wl,--start-group,-lxil,-lgcc,-lc,-lstdc++,--end-group
'Finished building target: Snickerdoodle_HelloWorld.elf'
' '
'Invoking: ARM v7 Print Size'
arm-none-eabi-size Snickerdoodle_HelloWorld.elf  |tee "Snickerdoodle_HelloWorld.elf.size"
   text	   data	    bss	    dec	    hex	filename
 769303	   2836	  30036	 802175	  c3d7f	Snickerdoodle_HelloWorld.elf
'Finished building: Snickerdoodle_HelloWorld.elf.size'
' '

23:39:48 Build Finished (took 1s.693ms)

23:39:48 **** Incremental Build of configuration Debug for project Snickerdoodle_HelloWorld ****
make pre-build main-build 
a9-linaro-pre-build-step
' '
make: Nothing to be done for `main-build'.
23:39:49 **** Auto Build of configuration Debug for project Snickerdoodle_HelloWorld ****
make pre-build main-build 
a9-linaro-pre-build-step
' '
make: Nothing to be done for `main-build'.
23:43:13 **** Incremental Build of configuration Debug for project Snickerdoodle_HelloWorld ****
make pre-build main-build 
a9-linaro-pre-build-step
' '
make: Nothing to be done for `main-build'.
