06:55:48 **** Build of project standalone_bsp_0 ****
make -k all 
"Running Make include in ps7_cortexa9_0/libsrc/coresightps_dcc_v1_4/src"
make -C ps7_cortexa9_0/libsrc/coresightps_dcc_v1_4/src -s include  "SHELL=CMD" "COMPILER=arm-none-eabi-gcc" "ARCHIVER=arm-none-eabi-ar" "COMPILER_FLAGS=  -O2 -c" "EXTRA_COMPILER_FLAGS=-mcpu=cortex-a9 -mfpu=vfpv3 -mfloat-abi=hard -nostartfiles -g -Wall -Wextra"
"Running Make include in ps7_cortexa9_0/libsrc/cpu_cortexa9_v2_6/src"
make -C ps7_cortexa9_0/libsrc/cpu_cortexa9_v2_6/src -s include  "SHELL=CMD" "COMPILER=arm-none-eabi-gcc" "ARCHIVER=arm-none-eabi-ar" "COMPILER_FLAGS=  -O2 -c" "EXTRA_COMPILER_FLAGS=-mcpu=cortex-a9 -mfpu=vfpv3 -mfloat-abi=hard -nostartfiles -g -Wall -Wextra"
"Running Make include in ps7_cortexa9_0/libsrc/ddrps_v1_0/src"
make -C ps7_cortexa9_0/libsrc/ddrps_v1_0/src -s include  "SHELL=CMD" "COMPILER=arm-none-eabi-gcc" "ARCHIVER=arm-none-eabi-ar" "COMPILER_FLAGS=  -O2 -c" "EXTRA_COMPILER_FLAGS=-mcpu=cortex-a9 -mfpu=vfpv3 -mfloat-abi=hard -nostartfiles -g -Wall -Wextra"
"Running Make include in ps7_cortexa9_0/libsrc/devcfg_v3_5/src"
make -C ps7_cortexa9_0/libsrc/devcfg_v3_5/src -s include  "SHELL=CMD" "COMPILER=arm-none-eabi-gcc" "ARCHIVER=arm-none-eabi-ar" "COMPILER_FLAGS=  -O2 -c" "EXTRA_COMPILER_FLAGS=-mcpu=cortex-a9 -mfpu=vfpv3 -mfloat-abi=hard -nostartfiles -g -Wall -Wextra"
"Running Make include in ps7_cortexa9_0/libsrc/dmaps_v2_3/src"
make -C ps7_cortexa9_0/libsrc/dmaps_v2_3/src -s include  "SHELL=CMD" "COMPILER=arm-none-eabi-gcc" "ARCHIVER=arm-none-eabi-ar" "COMPILER_FLAGS=  -O2 -c" "EXTRA_COMPILER_FLAGS=-mcpu=cortex-a9 -mfpu=vfpv3 -mfloat-abi=hard -nostartfiles -g -Wall -Wextra"
"Running Make include in ps7_cortexa9_0/libsrc/emacps_v3_7/src"
make -C ps7_cortexa9_0/libsrc/emacps_v3_7/src -s include  "SHELL=CMD" "COMPILER=arm-none-eabi-gcc" "ARCHIVER=arm-none-eabi-ar" "COMPILER_FLAGS=  -O2 -c" "EXTRA_COMPILER_FLAGS=-mcpu=cortex-a9 -mfpu=vfpv3 -mfloat-abi=hard -nostartfiles -g -Wall -Wextra"
"Running Make include in ps7_cortexa9_0/libsrc/gpiops_v3_3/src"
make -C ps7_cortexa9_0/libsrc/gpiops_v3_3/src -s include  "SHELL=CMD" "COMPILER=arm-none-eabi-gcc" "ARCHIVER=arm-none-eabi-ar" "COMPILER_FLAGS=  -O2 -c" "EXTRA_COMPILER_FLAGS=-mcpu=cortex-a9 -mfpu=vfpv3 -mfloat-abi=hard -nostartfiles -g -Wall -Wextra"
"Running Make include in ps7_cortexa9_0/libsrc/pointer_basic_v1_0/src"
make -C ps7_cortexa9_0/libsrc/pointer_basic_v1_0/src -s include  "SHELL=CMD" "COMPILER=arm-none-eabi-gcc" "ARCHIVER=arm-none-eabi-ar" "COMPILER_FLAGS=  -O2 -c" "EXTRA_COMPILER_FLAGS=-mcpu=cortex-a9 -mfpu=vfpv3 -mfloat-abi=hard -nostartfiles -g -Wall -Wextra"
"Running Make include in ps7_cortexa9_0/libsrc/qspips_v3_4/src"
make -C ps7_cortexa9_0/libsrc/qspips_v3_4/src -s include  "SHELL=CMD" "COMPILER=arm-none-eabi-gcc" "ARCHIVER=arm-none-eabi-ar" "COMPILER_FLAGS=  -O2 -c" "EXTRA_COMPILER_FLAGS=-mcpu=cortex-a9 -mfpu=vfpv3 -mfloat-abi=hard -nostartfiles -g -Wall -Wextra"
"Running Make include in ps7_cortexa9_0/libsrc/scugic_v3_9/src"
make -C ps7_cortexa9_0/libsrc/scugic_v3_9/src -s include  "SHELL=CMD" "COMPILER=arm-none-eabi-gcc" "ARCHIVER=arm-none-eabi-ar" "COMPILER_FLAGS=  -O2 -c" "EXTRA_COMPILER_FLAGS=-mcpu=cortex-a9 -mfpu=vfpv3 -mfloat-abi=hard -nostartfiles -g -Wall -Wextra"
"Running Make include in ps7_cortexa9_0/libsrc/scutimer_v2_1/src"
make -C ps7_cortexa9_0/libsrc/scutimer_v2_1/src -s include  "SHELL=CMD" "COMPILER=arm-none-eabi-gcc" "ARCHIVER=arm-none-eabi-ar" "COMPILER_FLAGS=  -O2 -c" "EXTRA_COMPILER_FLAGS=-mcpu=cortex-a9 -mfpu=vfpv3 -mfloat-abi=hard -nostartfiles -g -Wall -Wextra"
"Running Make include in ps7_cortexa9_0/libsrc/scuwdt_v2_1/src"
make -C ps7_cortexa9_0/libsrc/scuwdt_v2_1/src -s include  "SHELL=CMD" "COMPILER=arm-none-eabi-gcc" "ARCHIVER=arm-none-eabi-ar" "COMPILER_FLAGS=  -O2 -c" "EXTRA_COMPILER_FLAGS=-mcpu=cortex-a9 -mfpu=vfpv3 -mfloat-abi=hard -nostartfiles -g -Wall -Wextra"
"Running Make include in ps7_cortexa9_0/libsrc/sdps_v3_5/src"
make -C ps7_cortexa9_0/libsrc/sdps_v3_5/src -s include  "SHELL=CMD" "COMPILER=arm-none-eabi-gcc" "ARCHIVER=arm-none-eabi-ar" "COMPILER_FLAGS=  -O2 -c" "EXTRA_COMPILER_FLAGS=-mcpu=cortex-a9 -mfpu=vfpv3 -mfloat-abi=hard -nostartfiles -g -Wall -Wextra"
"Running Make include in ps7_cortexa9_0/libsrc/standalone_v6_7/src"
make -C ps7_cortexa9_0/libsrc/standalone_v6_7/src -s include  "SHELL=CMD" "COMPILER=arm-none-eabi-gcc" "ARCHIVER=arm-none-eabi-ar" "COMPILER_FLAGS=  -O2 -c" "EXTRA_COMPILER_FLAGS=-mcpu=cortex-a9 -mfpu=vfpv3 -mfloat-abi=hard -nostartfiles -g -Wall -Wextra"
"Running Make include in ps7_cortexa9_0/libsrc/uartps_v3_6/src"
make -C ps7_cortexa9_0/libsrc/uartps_v3_6/src -s include  "SHELL=CMD" "COMPILER=arm-none-eabi-gcc" "ARCHIVER=arm-none-eabi-ar" "COMPILER_FLAGS=  -O2 -c" "EXTRA_COMPILER_FLAGS=-mcpu=cortex-a9 -mfpu=vfpv3 -mfloat-abi=hard -nostartfiles -g -Wall -Wextra"
"Running Make include in ps7_cortexa9_0/libsrc/usbps_v2_4/src"
make -C ps7_cortexa9_0/libsrc/usbps_v2_4/src -s include  "SHELL=CMD" "COMPILER=arm-none-eabi-gcc" "ARCHIVER=arm-none-eabi-ar" "COMPILER_FLAGS=  -O2 -c" "EXTRA_COMPILER_FLAGS=-mcpu=cortex-a9 -mfpu=vfpv3 -mfloat-abi=hard -nostartfiles -g -Wall -Wextra"
"Running Make include in ps7_cortexa9_0/libsrc/xadcps_v2_2/src"
make -C ps7_cortexa9_0/libsrc/xadcps_v2_2/src -s include  "SHELL=CMD" "COMPILER=arm-none-eabi-gcc" "ARCHIVER=arm-none-eabi-ar" "COMPILER_FLAGS=  -O2 -c" "EXTRA_COMPILER_FLAGS=-mcpu=cortex-a9 -mfpu=vfpv3 -mfloat-abi=hard -nostartfiles -g -Wall -Wextra"
"Running Make libs in ps7_cortexa9_0/libsrc/coresightps_dcc_v1_4/src"
make -C ps7_cortexa9_0/libsrc/coresightps_dcc_v1_4/src -s libs  "SHELL=CMD" "COMPILER=arm-none-eabi-gcc" "ARCHIVER=arm-none-eabi-ar" "COMPILER_FLAGS=  -O2 -c" "EXTRA_COMPILER_FLAGS=-mcpu=cortex-a9 -mfpu=vfpv3 -mfloat-abi=hard -nostartfiles -g -Wall -Wextra"
"Compiling coresightps_dcc"
arm-none-eabi-ar: creating ../../../lib/libxil.a
"Running Make libs in ps7_cortexa9_0/libsrc/cpu_cortexa9_v2_6/src"
make -C ps7_cortexa9_0/libsrc/cpu_cortexa9_v2_6/src -s libs  "SHELL=CMD" "COMPILER=arm-none-eabi-gcc" "ARCHIVER=arm-none-eabi-ar" "COMPILER_FLAGS=  -O2 -c" "EXTRA_COMPILER_FLAGS=-mcpu=cortex-a9 -mfpu=vfpv3 -mfloat-abi=hard -nostartfiles -g -Wall -Wextra"
"Compiling cpu_cortexa9"
"Running Make libs in ps7_cortexa9_0/libsrc/ddrps_v1_0/src"
make -C ps7_cortexa9_0/libsrc/ddrps_v1_0/src -s libs  "SHELL=CMD" "COMPILER=arm-none-eabi-gcc" "ARCHIVER=arm-none-eabi-ar" "COMPILER_FLAGS=  -O2 -c" "EXTRA_COMPILER_FLAGS=-mcpu=cortex-a9 -mfpu=vfpv3 -mfloat-abi=hard -nostartfiles -g -Wall -Wextra"
"Compiling ddrps"
"Running Make libs in ps7_cortexa9_0/libsrc/devcfg_v3_5/src"
make -C ps7_cortexa9_0/libsrc/devcfg_v3_5/src -s libs  "SHELL=CMD" "COMPILER=arm-none-eabi-gcc" "ARCHIVER=arm-none-eabi-ar" "COMPILER_FLAGS=  -O2 -c" "EXTRA_COMPILER_FLAGS=-mcpu=cortex-a9 -mfpu=vfpv3 -mfloat-abi=hard -nostartfiles -g -Wall -Wextra"
"Compiling devcfg"
"Running Make libs in ps7_cortexa9_0/libsrc/dmaps_v2_3/src"
make -C ps7_cortexa9_0/libsrc/dmaps_v2_3/src -s libs  "SHELL=CMD" "COMPILER=arm-none-eabi-gcc" "ARCHIVER=arm-none-eabi-ar" "COMPILER_FLAGS=  -O2 -c" "EXTRA_COMPILER_FLAGS=-mcpu=cortex-a9 -mfpu=vfpv3 -mfloat-abi=hard -nostartfiles -g -Wall -Wextra"
"Compiling dmaps"
"Running Make libs in ps7_cortexa9_0/libsrc/emacps_v3_7/src"
make -C ps7_cortexa9_0/libsrc/emacps_v3_7/src -s libs  "SHELL=CMD" "COMPILER=arm-none-eabi-gcc" "ARCHIVER=arm-none-eabi-ar" "COMPILER_FLAGS=  -O2 -c" "EXTRA_COMPILER_FLAGS=-mcpu=cortex-a9 -mfpu=vfpv3 -mfloat-abi=hard -nostartfiles -g -Wall -Wextra"
"Compiling emacps"
"Running Make libs in ps7_cortexa9_0/libsrc/gpiops_v3_3/src"
make -C ps7_cortexa9_0/libsrc/gpiops_v3_3/src -s libs  "SHELL=CMD" "COMPILER=arm-none-eabi-gcc" "ARCHIVER=arm-none-eabi-ar" "COMPILER_FLAGS=  -O2 -c" "EXTRA_COMPILER_FLAGS=-mcpu=cortex-a9 -mfpu=vfpv3 -mfloat-abi=hard -nostartfiles -g -Wall -Wextra"
"Compiling gpiops"
"Running Make libs in ps7_cortexa9_0/libsrc/pointer_basic_v1_0/src"
make -C ps7_cortexa9_0/libsrc/pointer_basic_v1_0/src -s libs  "SHELL=CMD" "COMPILER=arm-none-eabi-gcc" "ARCHIVER=arm-none-eabi-ar" "COMPILER_FLAGS=  -O2 -c" "EXTRA_COMPILER_FLAGS=-mcpu=cortex-a9 -mfpu=vfpv3 -mfloat-abi=hard -nostartfiles -g -Wall -Wextra"
"Compiling pointer_basic"
"Running Make libs in ps7_cortexa9_0/libsrc/qspips_v3_4/src"
make -C ps7_cortexa9_0/libsrc/qspips_v3_4/src -s libs  "SHELL=CMD" "COMPILER=arm-none-eabi-gcc" "ARCHIVER=arm-none-eabi-ar" "COMPILER_FLAGS=  -O2 -c" "EXTRA_COMPILER_FLAGS=-mcpu=cortex-a9 -mfpu=vfpv3 -mfloat-abi=hard -nostartfiles -g -Wall -Wextra"
"Compiling qspips"
"Running Make libs in ps7_cortexa9_0/libsrc/scugic_v3_9/src"
make -C ps7_cortexa9_0/libsrc/scugic_v3_9/src -s libs  "SHELL=CMD" "COMPILER=arm-none-eabi-gcc" "ARCHIVER=arm-none-eabi-ar" "COMPILER_FLAGS=  -O2 -c" "EXTRA_COMPILER_FLAGS=-mcpu=cortex-a9 -mfpu=vfpv3 -mfloat-abi=hard -nostartfiles -g -Wall -Wextra"
"Compiling scugic"
"Running Make libs in ps7_cortexa9_0/libsrc/scutimer_v2_1/src"
make -C ps7_cortexa9_0/libsrc/scutimer_v2_1/src -s libs  "SHELL=CMD" "COMPILER=arm-none-eabi-gcc" "ARCHIVER=arm-none-eabi-ar" "COMPILER_FLAGS=  -O2 -c" "EXTRA_COMPILER_FLAGS=-mcpu=cortex-a9 -mfpu=vfpv3 -mfloat-abi=hard -nostartfiles -g -Wall -Wextra"
"Compiling scutimer"
"Running Make libs in ps7_cortexa9_0/libsrc/scuwdt_v2_1/src"
make -C ps7_cortexa9_0/libsrc/scuwdt_v2_1/src -s libs  "SHELL=CMD" "COMPILER=arm-none-eabi-gcc" "ARCHIVER=arm-none-eabi-ar" "COMPILER_FLAGS=  -O2 -c" "EXTRA_COMPILER_FLAGS=-mcpu=cortex-a9 -mfpu=vfpv3 -mfloat-abi=hard -nostartfiles -g -Wall -Wextra"
"Compiling scuwdt"
"Running Make libs in ps7_cortexa9_0/libsrc/sdps_v3_5/src"
make -C ps7_cortexa9_0/libsrc/sdps_v3_5/src -s libs  "SHELL=CMD" "COMPILER=arm-none-eabi-gcc" "ARCHIVER=arm-none-eabi-ar" "COMPILER_FLAGS=  -O2 -c" "EXTRA_COMPILER_FLAGS=-mcpu=cortex-a9 -mfpu=vfpv3 -mfloat-abi=hard -nostartfiles -g -Wall -Wextra"
"Compiling sdps"
"Running Make libs in ps7_cortexa9_0/libsrc/standalone_v6_7/src"
make -C ps7_cortexa9_0/libsrc/standalone_v6_7/src -s libs  "SHELL=CMD" "COMPILER=arm-none-eabi-gcc" "ARCHIVER=arm-none-eabi-ar" "COMPILER_FLAGS=  -O2 -c" "EXTRA_COMPILER_FLAGS=-mcpu=cortex-a9 -mfpu=vfpv3 -mfloat-abi=hard -nostartfiles -g -Wall -Wextra"
"Compiling standalone"
In file included from sleep.c:57:0:
xtime_l.h:89:9: note: #pragma message: For the sleep routines, Global timer is being used
 #pragma message ("For the sleep routines, Global timer is being used")
         ^~~~~~~
In file included from usleep.c:60:0:
xtime_l.h:89:9: note: #pragma message: For the sleep routines, Global timer is being used
 #pragma message ("For the sleep routines, Global timer is being used")
         ^~~~~~~
In file included from xil_sleeptimer.c:55:0:
xtime_l.h:89:9: note: #pragma message: For the sleep routines, Global timer is being used
 #pragma message ("For the sleep routines, Global timer is being used")
         ^~~~~~~
In file included from xtime_l.c:53:0:
xtime_l.h:89:9: note: #pragma message: For the sleep routines, Global timer is being used
 #pragma message ("For the sleep routines, Global timer is being used")
         ^~~~~~~
"Running Make libs in ps7_cortexa9_0/libsrc/uartps_v3_6/src"
make -C ps7_cortexa9_0/libsrc/uartps_v3_6/src -s libs  "SHELL=CMD" "COMPILER=arm-none-eabi-gcc" "ARCHIVER=arm-none-eabi-ar" "COMPILER_FLAGS=  -O2 -c" "EXTRA_COMPILER_FLAGS=-mcpu=cortex-a9 -mfpu=vfpv3 -mfloat-abi=hard -nostartfiles -g -Wall -Wextra"
"Compiling uartps"
"Running Make libs in ps7_cortexa9_0/libsrc/usbps_v2_4/src"
make -C ps7_cortexa9_0/libsrc/usbps_v2_4/src -s libs  "SHELL=CMD" "COMPILER=arm-none-eabi-gcc" "ARCHIVER=arm-none-eabi-ar" "COMPILER_FLAGS=  -O2 -c" "EXTRA_COMPILER_FLAGS=-mcpu=cortex-a9 -mfpu=vfpv3 -mfloat-abi=hard -nostartfiles -g -Wall -Wextra"
"Compiling usbps"
"Running Make libs in ps7_cortexa9_0/libsrc/xadcps_v2_2/src"
make -C ps7_cortexa9_0/libsrc/xadcps_v2_2/src -s libs  "SHELL=CMD" "COMPILER=arm-none-eabi-gcc" "ARCHIVER=arm-none-eabi-ar" "COMPILER_FLAGS=  -O2 -c" "EXTRA_COMPILER_FLAGS=-mcpu=cortex-a9 -mfpu=vfpv3 -mfloat-abi=hard -nostartfiles -g -Wall -Wextra"
"Compiling xadcps"
'Finished building libraries'

**** Build of configuration Debug for project pointer_basic_app ****

Nothing to build for project pointer_basic_app
19:51:33 **** Build of configuration Debug for project pointer_basic_helloworld_app ****
make pre-build main-build 
a9-linaro-pre-build-step
' '
'Building file: ../src/helloworld.c'
'Invoking: ARM v7 gcc compiler'
arm-none-eabi-gcc -Wall -O0 -g3 -c -fmessage-length=0 -MT"src/helloworld.o" -mcpu=cortex-a9 -mfpu=vfpv3 -mfloat-abi=hard -I../../standalone_bsp_0/ps7_cortexa9_0/include -MMD -MP -MF"src/helloworld.d" -MT"src/helloworld.o" -o "src/helloworld.o" "../src/helloworld.c"
'Finished building: ../src/helloworld.c'
' '
'Building file: ../src/platform.c'
'Invoking: ARM v7 gcc compiler'
arm-none-eabi-gcc -Wall -O0 -g3 -c -fmessage-length=0 -MT"src/platform.o" -mcpu=cortex-a9 -mfpu=vfpv3 -mfloat-abi=hard -I../../standalone_bsp_0/ps7_cortexa9_0/include -MMD -MP -MF"src/platform.d" -MT"src/platform.o" -o "src/platform.o" "../src/platform.c"
'Finished building: ../src/platform.c'
' '
'Building target: pointer_basic_helloworld_app.elf'
'Invoking: ARM v7 gcc linker'
arm-none-eabi-gcc -mcpu=cortex-a9 -mfpu=vfpv3 -mfloat-abi=hard -Wl,-build-id=none -specs=Xilinx.spec -Wl,-T -Wl,../src/lscript.ld -L../../standalone_bsp_0/ps7_cortexa9_0/lib -o "pointer_basic_helloworld_app.elf"  ./src/helloworld.o ./src/platform.o   -Wl,--start-group,-lxil,-lgcc,-lc,--end-group
'Finished building target: pointer_basic_helloworld_app.elf'
' '
'Invoking: ARM v7 Print Size'
arm-none-eabi-size pointer_basic_helloworld_app.elf  |tee "pointer_basic_helloworld_app.elf.size"
   text	   data	    bss	    dec	    hex	filename
  19352	   1144	  22568	  43064	   a838	pointer_basic_helloworld_app.elf
'Finished building: pointer_basic_helloworld_app.elf.size'
' '
19:51:42 **** Auto Build of configuration Debug for project pointer_basic_helloworld_app ****
make pre-build main-build 
a9-linaro-pre-build-step
' '
make: Nothing to be done for `main-build'.
23:58:44 **** Auto Build of configuration Debug for project pointer_basic_helloworld_app ****
make pre-build main-build 
a9-linaro-pre-build-step
' '
'Building file: ../src/helloworld.c'
'Invoking: ARM v7 gcc compiler'
arm-none-eabi-gcc -Wall -O0 -g3 -c -fmessage-length=0 -MT"src/helloworld.o" -mcpu=cortex-a9 -mfpu=vfpv3 -mfloat-abi=hard -I../../standalone_bsp_0/ps7_cortexa9_0/include -MMD -MP -MF"src/helloworld.d" -MT"src/helloworld.o" -o "src/helloworld.o" "../src/helloworld.c"
'Finished building: ../src/helloworld.c'
' '
'Building target: pointer_basic_helloworld_app.elf'
'Invoking: ARM v7 gcc linker'
arm-none-eabi-gcc -mcpu=cortex-a9 -mfpu=vfpv3 -mfloat-abi=hard -Wl,-build-id=none -specs=Xilinx.spec -Wl,-T -Wl,../src/lscript.ld -L../../standalone_bsp_0/ps7_cortexa9_0/lib -o "pointer_basic_helloworld_app.elf"  ./src/helloworld.o ./src/platform.o   -Wl,--start-group,-lxil,-lgcc,-lc,--end-group
'Finished building target: pointer_basic_helloworld_app.elf'
' '
'Invoking: ARM v7 Print Size'
arm-none-eabi-size pointer_basic_helloworld_app.elf  |tee "pointer_basic_helloworld_app.elf.size"
   text	   data	    bss	    dec	    hex	filename
  19352	   1144	  22568	  43064	   a838	pointer_basic_helloworld_app.elf
'Finished building: pointer_basic_helloworld_app.elf.size'
' '
23:58:52 **** Auto Build of configuration Debug for project pointer_basic_helloworld_app ****
make pre-build main-build 
a9-linaro-pre-build-step
' '
'Building file: ../src/helloworld.c'
'Invoking: ARM v7 gcc compiler'
arm-none-eabi-gcc -Wall -O0 -g3 -c -fmessage-length=0 -MT"src/helloworld.o" -mcpu=cortex-a9 -mfpu=vfpv3 -mfloat-abi=hard -I../../standalone_bsp_0/ps7_cortexa9_0/include -MMD -MP -MF"src/helloworld.d" -MT"src/helloworld.o" -o "src/helloworld.o" "../src/helloworld.c"
../src/helloworld.c:57:10: fatal error: xHls_macc.h: No such file or directory
 #include "xHls_macc.h" // Device driver for HLS HW block
          ^~~~~~~~~~~~~
compilation terminated.
make: *** [src/helloworld.o] Error 1
23:59:15 **** Auto Build of configuration Debug for project pointer_basic_helloworld_app ****
make pre-build main-build 
a9-linaro-pre-build-step
' '
'Building file: ../src/helloworld.c'
'Invoking: ARM v7 gcc compiler'
arm-none-eabi-gcc -Wall -O0 -g3 -c -fmessage-length=0 -MT"src/helloworld.o" -mcpu=cortex-a9 -mfpu=vfpv3 -mfloat-abi=hard -I../../standalone_bsp_0/ps7_cortexa9_0/include -MMD -MP -MF"src/helloworld.d" -MT"src/helloworld.o" -o "src/helloworld.o" "../src/helloworld.c"
'Finished building: ../src/helloworld.c'
' '
'Building target: pointer_basic_helloworld_app.elf'
'Invoking: ARM v7 gcc linker'
arm-none-eabi-gcc -mcpu=cortex-a9 -mfpu=vfpv3 -mfloat-abi=hard -Wl,-build-id=none -specs=Xilinx.spec -Wl,-T -Wl,../src/lscript.ld -L../../standalone_bsp_0/ps7_cortexa9_0/lib -o "pointer_basic_helloworld_app.elf"  ./src/helloworld.o ./src/platform.o   -Wl,--start-group,-lxil,-lgcc,-lc,--end-group
'Finished building target: pointer_basic_helloworld_app.elf'
' '
'Invoking: ARM v7 Print Size'
arm-none-eabi-size pointer_basic_helloworld_app.elf  |tee "pointer_basic_helloworld_app.elf.size"
   text	   data	    bss	    dec	    hex	filename
  19352	   1144	  22568	  43064	   a838	pointer_basic_helloworld_app.elf
'Finished building: pointer_basic_helloworld_app.elf.size'
' '
23:59:26 **** Auto Build of configuration Debug for project pointer_basic_helloworld_app ****
make pre-build main-build 
a9-linaro-pre-build-step
' '
'Building file: ../src/helloworld.c'
'Invoking: ARM v7 gcc compiler'
arm-none-eabi-gcc -Wall -O0 -g3 -c -fmessage-length=0 -MT"src/helloworld.o" -mcpu=cortex-a9 -mfpu=vfpv3 -mfloat-abi=hard -I../../standalone_bsp_0/ps7_cortexa9_0/include -MMD -MP -MF"src/helloworld.d" -MT"src/helloworld.o" -o "src/helloworld.o" "../src/helloworld.c"
'Finished building: ../src/helloworld.c'
' '
'Building target: pointer_basic_helloworld_app.elf'
'Invoking: ARM v7 gcc linker'
arm-none-eabi-gcc -mcpu=cortex-a9 -mfpu=vfpv3 -mfloat-abi=hard -Wl,-build-id=none -specs=Xilinx.spec -Wl,-T -Wl,../src/lscript.ld -L../../standalone_bsp_0/ps7_cortexa9_0/lib -o "pointer_basic_helloworld_app.elf"  ./src/helloworld.o ./src/platform.o   -Wl,--start-group,-lxil,-lgcc,-lc,--end-group
'Finished building target: pointer_basic_helloworld_app.elf'
' '
'Invoking: ARM v7 Print Size'
arm-none-eabi-size pointer_basic_helloworld_app.elf  |tee "pointer_basic_helloworld_app.elf.size"
   text	   data	    bss	    dec	    hex	filename
  19352	   1144	  22568	  43064	   a838	pointer_basic_helloworld_app.elf
'Finished building: pointer_basic_helloworld_app.elf.size'
' '
00:00:21 **** Auto Build of configuration Debug for project pointer_basic_helloworld_app ****
make pre-build main-build 
a9-linaro-pre-build-step
' '
'Building file: ../src/helloworld.c'
'Invoking: ARM v7 gcc compiler'
arm-none-eabi-gcc -Wall -O0 -g3 -c -fmessage-length=0 -MT"src/helloworld.o" -mcpu=cortex-a9 -mfpu=vfpv3 -mfloat-abi=hard -I../../standalone_bsp_0/ps7_cortexa9_0/include -MMD -MP -MF"src/helloworld.d" -MT"src/helloworld.o" -o "src/helloworld.o" "../src/helloworld.c"
../src/helloworld.c: In function 'main':
../src/helloworld.c:64:20: warning: unused variable 'hlsHwInstance' [-Wunused-variable]
     XPointer_basic hlsHwInstance;
                    ^~~~~~~~~~~~~
'Finished building: ../src/helloworld.c'
' '
'Building target: pointer_basic_helloworld_app.elf'
'Invoking: ARM v7 gcc linker'
arm-none-eabi-gcc -mcpu=cortex-a9 -mfpu=vfpv3 -mfloat-abi=hard -Wl,-build-id=none -specs=Xilinx.spec -Wl,-T -Wl,../src/lscript.ld -L../../standalone_bsp_0/ps7_cortexa9_0/lib -o "pointer_basic_helloworld_app.elf"  ./src/helloworld.o ./src/platform.o   -Wl,--start-group,-lxil,-lgcc,-lc,--end-group
'Finished building target: pointer_basic_helloworld_app.elf'
' '
'Invoking: ARM v7 Print Size'
arm-none-eabi-size pointer_basic_helloworld_app.elf  |tee "pointer_basic_helloworld_app.elf.size"
   text	   data	    bss	    dec	    hex	filename
  19360	   1144	  22568	  43072	   a840	pointer_basic_helloworld_app.elf
'Finished building: pointer_basic_helloworld_app.elf.size'
' '
00:01:29 **** Auto Build of configuration Debug for project pointer_basic_helloworld_app ****
make pre-build main-build 
a9-linaro-pre-build-step
' '
'Building file: ../src/helloworld.c'
'Invoking: ARM v7 gcc compiler'
arm-none-eabi-gcc -Wall -O0 -g3 -c -fmessage-length=0 -MT"src/helloworld.o" -mcpu=cortex-a9 -mfpu=vfpv3 -mfloat-abi=hard -I../../standalone_bsp_0/ps7_cortexa9_0/include -MMD -MP -MF"src/helloworld.d" -MT"src/helloworld.o" -o "src/helloworld.o" "../src/helloworld.c"
../src/helloworld.c: In function 'main':
../src/helloworld.c:65:13: warning: unused variable 'intCntrlInstance' [-Wunused-variable]
     XScuGic intCntrlInstance;
             ^~~~~~~~~~~~~~~~
../src/helloworld.c:64:20: warning: unused variable 'hlsHwInstance' [-Wunused-variable]
     XPointer_basic hlsHwInstance;
                    ^~~~~~~~~~~~~
'Finished building: ../src/helloworld.c'
' '
'Building target: pointer_basic_helloworld_app.elf'
'Invoking: ARM v7 gcc linker'
arm-none-eabi-gcc -mcpu=cortex-a9 -mfpu=vfpv3 -mfloat-abi=hard -Wl,-build-id=none -specs=Xilinx.spec -Wl,-T -Wl,../src/lscript.ld -L../../standalone_bsp_0/ps7_cortexa9_0/lib -o "pointer_basic_helloworld_app.elf"  ./src/helloworld.o ./src/platform.o   -Wl,--start-group,-lxil,-lgcc,-lc,--end-group
'Finished building target: pointer_basic_helloworld_app.elf'
' '
'Invoking: ARM v7 Print Size'
arm-none-eabi-size pointer_basic_helloworld_app.elf  |tee "pointer_basic_helloworld_app.elf.size"
   text	   data	    bss	    dec	    hex	filename
  19360	   1144	  22568	  43072	   a840	pointer_basic_helloworld_app.elf
'Finished building: pointer_basic_helloworld_app.elf.size'
' '
00:01:38 **** Auto Build of configuration Debug for project pointer_basic_helloworld_app ****
make pre-build main-build 
a9-linaro-pre-build-step
' '
'Building file: ../src/helloworld.c'
'Invoking: ARM v7 gcc compiler'
arm-none-eabi-gcc -Wall -O0 -g3 -c -fmessage-length=0 -MT"src/helloworld.o" -mcpu=cortex-a9 -mfpu=vfpv3 -mfloat-abi=hard -I../../standalone_bsp_0/ps7_cortexa9_0/include -MMD -MP -MF"src/helloworld.d" -MT"src/helloworld.o" -o "src/helloworld.o" "../src/helloworld.c"
../src/helloworld.c: In function 'main':
../src/helloworld.c:66:13: warning: unused variable 'intCntrlInstance' [-Wunused-variable]
     XScuGic intCntrlInstance;
             ^~~~~~~~~~~~~~~~
../src/helloworld.c:65:20: warning: unused variable 'hlsHwInstance' [-Wunused-variable]
     XPointer_basic hlsHwInstance;
                    ^~~~~~~~~~~~~
'Finished building: ../src/helloworld.c'
' '
'Building target: pointer_basic_helloworld_app.elf'
'Invoking: ARM v7 gcc linker'
arm-none-eabi-gcc -mcpu=cortex-a9 -mfpu=vfpv3 -mfloat-abi=hard -Wl,-build-id=none -specs=Xilinx.spec -Wl,-T -Wl,../src/lscript.ld -L../../standalone_bsp_0/ps7_cortexa9_0/lib -o "pointer_basic_helloworld_app.elf"  ./src/helloworld.o ./src/platform.o   -Wl,--start-group,-lxil,-lgcc,-lc,--end-group
'Finished building target: pointer_basic_helloworld_app.elf'
' '
'Invoking: ARM v7 Print Size'
arm-none-eabi-size pointer_basic_helloworld_app.elf  |tee "pointer_basic_helloworld_app.elf.size"
   text	   data	    bss	    dec	    hex	filename
  19360	   1144	  22568	  43072	   a840	pointer_basic_helloworld_app.elf
'Finished building: pointer_basic_helloworld_app.elf.size'
' '
00:01:45 **** Auto Build of configuration Debug for project pointer_basic_helloworld_app ****
make pre-build main-build 
a9-linaro-pre-build-step
' '
'Building file: ../src/helloworld.c'
'Invoking: ARM v7 gcc compiler'
arm-none-eabi-gcc -Wall -O0 -g3 -c -fmessage-length=0 -MT"src/helloworld.o" -mcpu=cortex-a9 -mfpu=vfpv3 -mfloat-abi=hard -I../../standalone_bsp_0/ps7_cortexa9_0/include -MMD -MP -MF"src/helloworld.d" -MT"src/helloworld.o" -o "src/helloworld.o" "../src/helloworld.c"
../src/helloworld.c: In function 'main':
../src/helloworld.c:68:13: warning: unused variable 'intCntrlInstance' [-Wunused-variable]
     XScuGic intCntrlInstance;
             ^~~~~~~~~~~~~~~~
../src/helloworld.c:65:20: warning: unused variable 'hlsHwInstance' [-Wunused-variable]
     XPointer_basic hlsHwInstance;
                    ^~~~~~~~~~~~~
'Finished building: ../src/helloworld.c'
' '
'Building target: pointer_basic_helloworld_app.elf'
'Invoking: ARM v7 gcc linker'
arm-none-eabi-gcc -mcpu=cortex-a9 -mfpu=vfpv3 -mfloat-abi=hard -Wl,-build-id=none -specs=Xilinx.spec -Wl,-T -Wl,../src/lscript.ld -L../../standalone_bsp_0/ps7_cortexa9_0/lib -o "pointer_basic_helloworld_app.elf"  ./src/helloworld.o ./src/platform.o   -Wl,--start-group,-lxil,-lgcc,-lc,--end-group
'Finished building target: pointer_basic_helloworld_app.elf'
' '
'Invoking: ARM v7 Print Size'
arm-none-eabi-size pointer_basic_helloworld_app.elf  |tee "pointer_basic_helloworld_app.elf.size"
   text	   data	    bss	    dec	    hex	filename
  19360	   1144	  22568	  43072	   a840	pointer_basic_helloworld_app.elf
'Finished building: pointer_basic_helloworld_app.elf.size'
' '
00:01:49 **** Auto Build of configuration Debug for project pointer_basic_helloworld_app ****
make pre-build main-build 
a9-linaro-pre-build-step
' '
'Building file: ../src/helloworld.c'
'Invoking: ARM v7 gcc compiler'
arm-none-eabi-gcc -Wall -O0 -g3 -c -fmessage-length=0 -MT"src/helloworld.o" -mcpu=cortex-a9 -mfpu=vfpv3 -mfloat-abi=hard -I../../standalone_bsp_0/ps7_cortexa9_0/include -MMD -MP -MF"src/helloworld.d" -MT"src/helloworld.o" -o "src/helloworld.o" "../src/helloworld.c"
../src/helloworld.c: In function 'main':
../src/helloworld.c:68:13: warning: unused variable 'intCntrlInstance' [-Wunused-variable]
     XScuGic intCntrlInstance;
             ^~~~~~~~~~~~~~~~
../src/helloworld.c:65:20: warning: unused variable 'hlsHwInstance' [-Wunused-variable]
     XPointer_basic hlsHwInstance;
                    ^~~~~~~~~~~~~
'Finished building: ../src/helloworld.c'
' '
'Building target: pointer_basic_helloworld_app.elf'
'Invoking: ARM v7 gcc linker'
arm-none-eabi-gcc -mcpu=cortex-a9 -mfpu=vfpv3 -mfloat-abi=hard -Wl,-build-id=none -specs=Xilinx.spec -Wl,-T -Wl,../src/lscript.ld -L../../standalone_bsp_0/ps7_cortexa9_0/lib -o "pointer_basic_helloworld_app.elf"  ./src/helloworld.o ./src/platform.o   -Wl,--start-group,-lxil,-lgcc,-lc,--end-group
'Finished building target: pointer_basic_helloworld_app.elf'
' '
'Invoking: ARM v7 Print Size'
arm-none-eabi-size pointer_basic_helloworld_app.elf  |tee "pointer_basic_helloworld_app.elf.size"
   text	   data	    bss	    dec	    hex	filename
  19360	   1144	  22568	  43072	   a840	pointer_basic_helloworld_app.elf
'Finished building: pointer_basic_helloworld_app.elf.size'
' '
00:02:37 **** Auto Build of configuration Debug for project pointer_basic_helloworld_app ****
make pre-build main-build 
a9-linaro-pre-build-step
' '
'Building file: ../src/helloworld.c'
'Invoking: ARM v7 gcc compiler'
arm-none-eabi-gcc -Wall -O0 -g3 -c -fmessage-length=0 -MT"src/helloworld.o" -mcpu=cortex-a9 -mfpu=vfpv3 -mfloat-abi=hard -I../../standalone_bsp_0/ps7_cortexa9_0/include -MMD -MP -MF"src/helloworld.d" -MT"src/helloworld.o" -o "src/helloworld.o" "../src/helloworld.c"
../src/helloworld.c: In function 'main':
../src/helloworld.c:70:13: warning: unused variable 'intCntrlInstance' [-Wunused-variable]
     XScuGic intCntrlInstance;
             ^~~~~~~~~~~~~~~~
../src/helloworld.c:67:20: warning: unused variable 'hlsHwInstance' [-Wunused-variable]
     XPointer_basic hlsHwInstance;
                    ^~~~~~~~~~~~~
'Finished building: ../src/helloworld.c'
' '
'Building target: pointer_basic_helloworld_app.elf'
'Invoking: ARM v7 gcc linker'
arm-none-eabi-gcc -mcpu=cortex-a9 -mfpu=vfpv3 -mfloat-abi=hard -Wl,-build-id=none -specs=Xilinx.spec -Wl,-T -Wl,../src/lscript.ld -L../../standalone_bsp_0/ps7_cortexa9_0/lib -o "pointer_basic_helloworld_app.elf"  ./src/helloworld.o ./src/platform.o   -Wl,--start-group,-lxil,-lgcc,-lc,--end-group
'Finished building target: pointer_basic_helloworld_app.elf'
' '
'Invoking: ARM v7 Print Size'
arm-none-eabi-size pointer_basic_helloworld_app.elf  |tee "pointer_basic_helloworld_app.elf.size"
   text	   data	    bss	    dec	    hex	filename
  19360	   1144	  22584	  43088	   a850	pointer_basic_helloworld_app.elf
'Finished building: pointer_basic_helloworld_app.elf.size'
' '
00:02:41 **** Auto Build of configuration Debug for project pointer_basic_helloworld_app ****
make pre-build main-build 
a9-linaro-pre-build-step
' '
'Building file: ../src/helloworld.c'
'Invoking: ARM v7 gcc compiler'
arm-none-eabi-gcc -Wall -O0 -g3 -c -fmessage-length=0 -MT"src/helloworld.o" -mcpu=cortex-a9 -mfpu=vfpv3 -mfloat-abi=hard -I../../standalone_bsp_0/ps7_cortexa9_0/include -MMD -MP -MF"src/helloworld.d" -MT"src/helloworld.o" -o "src/helloworld.o" "../src/helloworld.c"
../src/helloworld.c: In function 'main':
../src/helloworld.c:71:13: warning: unused variable 'intCntrlInstance' [-Wunused-variable]
     XScuGic intCntrlInstance;
             ^~~~~~~~~~~~~~~~
../src/helloworld.c:68:20: warning: unused variable 'hlsHwInstance' [-Wunused-variable]
     XPointer_basic hlsHwInstance;
                    ^~~~~~~~~~~~~
'Finished building: ../src/helloworld.c'
' '
'Building target: pointer_basic_helloworld_app.elf'
'Invoking: ARM v7 gcc linker'
arm-none-eabi-gcc -mcpu=cortex-a9 -mfpu=vfpv3 -mfloat-abi=hard -Wl,-build-id=none -specs=Xilinx.spec -Wl,-T -Wl,../src/lscript.ld -L../../standalone_bsp_0/ps7_cortexa9_0/lib -o "pointer_basic_helloworld_app.elf"  ./src/helloworld.o ./src/platform.o   -Wl,--start-group,-lxil,-lgcc,-lc,--end-group
'Finished building target: pointer_basic_helloworld_app.elf'
' '
'Invoking: ARM v7 Print Size'
arm-none-eabi-size pointer_basic_helloworld_app.elf  |tee "pointer_basic_helloworld_app.elf.size"
   text	   data	    bss	    dec	    hex	filename
  19360	   1144	  22584	  43088	   a850	pointer_basic_helloworld_app.elf
'Finished building: pointer_basic_helloworld_app.elf.size'
' '
00:05:57 **** Auto Build of configuration Debug for project pointer_basic_helloworld_app ****
make pre-build main-build 
a9-linaro-pre-build-step
' '
'Building file: ../src/helloworld.c'
'Invoking: ARM v7 gcc compiler'
arm-none-eabi-gcc -Wall -O0 -g3 -c -fmessage-length=0 -MT"src/helloworld.o" -mcpu=cortex-a9 -mfpu=vfpv3 -mfloat-abi=hard -I../../standalone_bsp_0/ps7_cortexa9_0/include -MMD -MP -MF"src/helloworld.d" -MT"src/helloworld.o" -o "src/helloworld.o" "../src/helloworld.c"
../src/helloworld.c: In function 'hls_hw_init':
../src/helloworld.c:64:25: warning: variable 'cfgPtr' set but not used [-Wunused-but-set-variable]
  XPointer_basic_Config *cfgPtr;
                         ^~~~~~
../src/helloworld.c:63:6: warning: unused variable 'status' [-Wunused-variable]
  int status;
      ^~~~~~
../src/helloworld.c: In function 'main':
../src/helloworld.c:79:13: warning: unused variable 'intCntrlInstance' [-Wunused-variable]
     XScuGic intCntrlInstance;
             ^~~~~~~~~~~~~~~~
../src/helloworld.c:76:20: warning: unused variable 'hlsHwInstance' [-Wunused-variable]
     XPointer_basic hlsHwInstance;
                    ^~~~~~~~~~~~~
../src/helloworld.c: In function 'hls_hw_init':
../src/helloworld.c:67:1: warning: control reaches end of non-void function [-Wreturn-type]
 }
 ^
'Finished building: ../src/helloworld.c'
' '
'Building target: pointer_basic_helloworld_app.elf'
'Invoking: ARM v7 gcc linker'
arm-none-eabi-gcc -mcpu=cortex-a9 -mfpu=vfpv3 -mfloat-abi=hard -Wl,-build-id=none -specs=Xilinx.spec -Wl,-T -Wl,../src/lscript.ld -L../../standalone_bsp_0/ps7_cortexa9_0/lib -o "pointer_basic_helloworld_app.elf"  ./src/helloworld.o ./src/platform.o   -Wl,--start-group,-lxil,-lgcc,-lc,--end-group
'Finished building target: pointer_basic_helloworld_app.elf'
' '
'Invoking: ARM v7 Print Size'
arm-none-eabi-size pointer_basic_helloworld_app.elf  |tee "pointer_basic_helloworld_app.elf.size"
   text	   data	    bss	    dec	    hex	filename
  22064	   1152	  22584	  45800	   b2e8	pointer_basic_helloworld_app.elf
'Finished building: pointer_basic_helloworld_app.elf.size'
' '
00:06:27 **** Auto Build of configuration Debug for project pointer_basic_helloworld_app ****
make pre-build main-build 
a9-linaro-pre-build-step
' '
'Building file: ../src/helloworld.c'
'Invoking: ARM v7 gcc compiler'
arm-none-eabi-gcc -Wall -O0 -g3 -c -fmessage-length=0 -MT"src/helloworld.o" -mcpu=cortex-a9 -mfpu=vfpv3 -mfloat-abi=hard -I../../standalone_bsp_0/ps7_cortexa9_0/include -MMD -MP -MF"src/helloworld.d" -MT"src/helloworld.o" -o "src/helloworld.o" "../src/helloworld.c"
../src/helloworld.c: In function 'hls_hw_init':
../src/helloworld.c:63:6: warning: unused variable 'status' [-Wunused-variable]
  int status;
      ^~~~~~
../src/helloworld.c: In function 'main':
../src/helloworld.c:83:13: warning: unused variable 'intCntrlInstance' [-Wunused-variable]
     XScuGic intCntrlInstance;
             ^~~~~~~~~~~~~~~~
../src/helloworld.c:80:20: warning: unused variable 'hlsHwInstance' [-Wunused-variable]
     XPointer_basic hlsHwInstance;
                    ^~~~~~~~~~~~~
../src/helloworld.c: In function 'hls_hw_init':
../src/helloworld.c:71:1: warning: control reaches end of non-void function [-Wreturn-type]
 }
 ^
'Finished building: ../src/helloworld.c'
' '
'Building target: pointer_basic_helloworld_app.elf'
'Invoking: ARM v7 gcc linker'
arm-none-eabi-gcc -mcpu=cortex-a9 -mfpu=vfpv3 -mfloat-abi=hard -Wl,-build-id=none -specs=Xilinx.spec -Wl,-T -Wl,../src/lscript.ld -L../../standalone_bsp_0/ps7_cortexa9_0/lib -o "pointer_basic_helloworld_app.elf"  ./src/helloworld.o ./src/platform.o   -Wl,--start-group,-lxil,-lgcc,-lc,--end-group
'Finished building target: pointer_basic_helloworld_app.elf'
' '
'Invoking: ARM v7 Print Size'
arm-none-eabi-size pointer_basic_helloworld_app.elf  |tee "pointer_basic_helloworld_app.elf.size"
   text	   data	    bss	    dec	    hex	filename
  22148	   1152	  22584	  45884	   b33c	pointer_basic_helloworld_app.elf
'Finished building: pointer_basic_helloworld_app.elf.size'
' '
00:06:33 **** Auto Build of configuration Debug for project pointer_basic_helloworld_app ****
make pre-build main-build 
a9-linaro-pre-build-step
' '
'Building file: ../src/helloworld.c'
'Invoking: ARM v7 gcc compiler'
arm-none-eabi-gcc -Wall -O0 -g3 -c -fmessage-length=0 -MT"src/helloworld.o" -mcpu=cortex-a9 -mfpu=vfpv3 -mfloat-abi=hard -I../../standalone_bsp_0/ps7_cortexa9_0/include -MMD -MP -MF"src/helloworld.d" -MT"src/helloworld.o" -o "src/helloworld.o" "../src/helloworld.c"
../src/helloworld.c: In function 'hls_hw_init':
../src/helloworld.c:63:6: warning: unused variable 'status' [-Wunused-variable]
  int status;
      ^~~~~~
../src/helloworld.c: In function 'main':
../src/helloworld.c:83:13: warning: unused variable 'intCntrlInstance' [-Wunused-variable]
     XScuGic intCntrlInstance;
             ^~~~~~~~~~~~~~~~
../src/helloworld.c:80:20: warning: unused variable 'hlsHwInstance' [-Wunused-variable]
     XPointer_basic hlsHwInstance;
                    ^~~~~~~~~~~~~
../src/helloworld.c: In function 'hls_hw_init':
../src/helloworld.c:71:1: warning: control reaches end of non-void function [-Wreturn-type]
 }
 ^
'Finished building: ../src/helloworld.c'
' '
'Building target: pointer_basic_helloworld_app.elf'
'Invoking: ARM v7 gcc linker'
arm-none-eabi-gcc -mcpu=cortex-a9 -mfpu=vfpv3 -mfloat-abi=hard -Wl,-build-id=none -specs=Xilinx.spec -Wl,-T -Wl,../src/lscript.ld -L../../standalone_bsp_0/ps7_cortexa9_0/lib -o "pointer_basic_helloworld_app.elf"  ./src/helloworld.o ./src/platform.o   -Wl,--start-group,-lxil,-lgcc,-lc,--end-group
'Finished building target: pointer_basic_helloworld_app.elf'
' '
'Invoking: ARM v7 Print Size'
arm-none-eabi-size pointer_basic_helloworld_app.elf  |tee "pointer_basic_helloworld_app.elf.size"
   text	   data	    bss	    dec	    hex	filename
  22148	   1152	  22584	  45884	   b33c	pointer_basic_helloworld_app.elf
'Finished building: pointer_basic_helloworld_app.elf.size'
' '
00:06:37 **** Auto Build of configuration Debug for project pointer_basic_helloworld_app ****
make pre-build main-build 
a9-linaro-pre-build-step
' '
'Building file: ../src/helloworld.c'
'Invoking: ARM v7 gcc compiler'
arm-none-eabi-gcc -Wall -O0 -g3 -c -fmessage-length=0 -MT"src/helloworld.o" -mcpu=cortex-a9 -mfpu=vfpv3 -mfloat-abi=hard -I../../standalone_bsp_0/ps7_cortexa9_0/include -MMD -MP -MF"src/helloworld.d" -MT"src/helloworld.o" -o "src/helloworld.o" "../src/helloworld.c"
../src/helloworld.c: In function 'hls_hw_init':
../src/helloworld.c:63:6: warning: unused variable 'status' [-Wunused-variable]
  int status;
      ^~~~~~
../src/helloworld.c: In function 'main':
../src/helloworld.c:85:13: warning: unused variable 'intCntrlInstance' [-Wunused-variable]
     XScuGic intCntrlInstance;
             ^~~~~~~~~~~~~~~~
../src/helloworld.c:82:20: warning: unused variable 'hlsHwInstance' [-Wunused-variable]
     XPointer_basic hlsHwInstance;
                    ^~~~~~~~~~~~~
../src/helloworld.c: In function 'hls_hw_init':
../src/helloworld.c:73:1: warning: control reaches end of non-void function [-Wreturn-type]
 }
 ^
'Finished building: ../src/helloworld.c'
' '
'Building target: pointer_basic_helloworld_app.elf'
'Invoking: ARM v7 gcc linker'
arm-none-eabi-gcc -mcpu=cortex-a9 -mfpu=vfpv3 -mfloat-abi=hard -Wl,-build-id=none -specs=Xilinx.spec -Wl,-T -Wl,../src/lscript.ld -L../../standalone_bsp_0/ps7_cortexa9_0/lib -o "pointer_basic_helloworld_app.elf"  ./src/helloworld.o ./src/platform.o   -Wl,--start-group,-lxil,-lgcc,-lc,--end-group
'Finished building target: pointer_basic_helloworld_app.elf'
' '
'Invoking: ARM v7 Print Size'
arm-none-eabi-size pointer_basic_helloworld_app.elf  |tee "pointer_basic_helloworld_app.elf.size"
   text	   data	    bss	    dec	    hex	filename
  22148	   1152	  22584	  45884	   b33c	pointer_basic_helloworld_app.elf
'Finished building: pointer_basic_helloworld_app.elf.size'
' '
00:06:41 **** Auto Build of configuration Debug for project pointer_basic_helloworld_app ****
make pre-build main-build 
a9-linaro-pre-build-step
' '
'Building file: ../src/helloworld.c'
'Invoking: ARM v7 gcc compiler'
arm-none-eabi-gcc -Wall -O0 -g3 -c -fmessage-length=0 -MT"src/helloworld.o" -mcpu=cortex-a9 -mfpu=vfpv3 -mfloat-abi=hard -I../../standalone_bsp_0/ps7_cortexa9_0/include -MMD -MP -MF"src/helloworld.d" -MT"src/helloworld.o" -o "src/helloworld.o" "../src/helloworld.c"
../src/helloworld.c: In function 'hls_hw_init':
../src/helloworld.c:63:6: warning: unused variable 'status' [-Wunused-variable]
  int status;
      ^~~~~~
../src/helloworld.c: In function 'main':
../src/helloworld.c:86:13: warning: unused variable 'intCntrlInstance' [-Wunused-variable]
     XScuGic intCntrlInstance;
             ^~~~~~~~~~~~~~~~
../src/helloworld.c:83:20: warning: unused variable 'hlsHwInstance' [-Wunused-variable]
     XPointer_basic hlsHwInstance;
                    ^~~~~~~~~~~~~
../src/helloworld.c: In function 'hls_hw_init':
../src/helloworld.c:74:1: warning: control reaches end of non-void function [-Wreturn-type]
 }
 ^
'Finished building: ../src/helloworld.c'
' '
'Building target: pointer_basic_helloworld_app.elf'
'Invoking: ARM v7 gcc linker'
arm-none-eabi-gcc -mcpu=cortex-a9 -mfpu=vfpv3 -mfloat-abi=hard -Wl,-build-id=none -specs=Xilinx.spec -Wl,-T -Wl,../src/lscript.ld -L../../standalone_bsp_0/ps7_cortexa9_0/lib -o "pointer_basic_helloworld_app.elf"  ./src/helloworld.o ./src/platform.o   -Wl,--start-group,-lxil,-lgcc,-lc,--end-group
'Finished building target: pointer_basic_helloworld_app.elf'
' '
'Invoking: ARM v7 Print Size'
arm-none-eabi-size pointer_basic_helloworld_app.elf  |tee "pointer_basic_helloworld_app.elf.size"
   text	   data	    bss	    dec	    hex	filename
  22148	   1152	  22584	  45884	   b33c	pointer_basic_helloworld_app.elf
'Finished building: pointer_basic_helloworld_app.elf.size'
' '
00:07:25 **** Auto Build of configuration Debug for project pointer_basic_helloworld_app ****
make pre-build main-build 
a9-linaro-pre-build-step
' '
'Building file: ../src/helloworld.c'
'Invoking: ARM v7 gcc compiler'
arm-none-eabi-gcc -Wall -O0 -g3 -c -fmessage-length=0 -MT"src/helloworld.o" -mcpu=cortex-a9 -mfpu=vfpv3 -mfloat-abi=hard -I../../standalone_bsp_0/ps7_cortexa9_0/include -MMD -MP -MF"src/helloworld.d" -MT"src/helloworld.o" -o "src/helloworld.o" "../src/helloworld.c"
../src/helloworld.c: In function 'hls_hw_init':
../src/helloworld.c:74:11: warning: implicit declaration of function 'XHls_macc_CfgInitialize'; did you mean 'XScuGic_CfgInitialize'? [-Wimplicit-function-declaration]
  status = XHls_macc_CfgInitialize(hls_maccPtr, cfgPtr);
           ^~~~~~~~~~~~~~~~~~~~~~~
           XScuGic_CfgInitialize
../src/helloworld.c:74:35: error: 'hls_maccPtr' undeclared (first use in this function)
  status = XHls_macc_CfgInitialize(hls_maccPtr, cfgPtr);
                                   ^~~~~~~~~~~
../src/helloworld.c:74:35: note: each undeclared identifier is reported only once for each function it appears in
../src/helloworld.c: At top level:
../src/helloworld.c:79:1: error: expected identifier or '(' before '}' token
 }
 ^
../src/helloworld.c: In function 'main':
../src/helloworld.c:91:13: warning: unused variable 'intCntrlInstance' [-Wunused-variable]
     XScuGic intCntrlInstance;
             ^~~~~~~~~~~~~~~~
../src/helloworld.c:88:20: warning: unused variable 'hlsHwInstance' [-Wunused-variable]
     XPointer_basic hlsHwInstance;
                    ^~~~~~~~~~~~~
../src/helloworld.c: In function 'hls_hw_init':
../src/helloworld.c:78:2: warning: control reaches end of non-void function [-Wreturn-type]
  }
  ^
make: *** [src/helloworld.o] Error 1
00:07:33 **** Auto Build of configuration Debug for project pointer_basic_helloworld_app ****
make pre-build main-build 
a9-linaro-pre-build-step
' '
'Building file: ../src/helloworld.c'
'Invoking: ARM v7 gcc compiler'
arm-none-eabi-gcc -Wall -O0 -g3 -c -fmessage-length=0 -MT"src/helloworld.o" -mcpu=cortex-a9 -mfpu=vfpv3 -mfloat-abi=hard -I../../standalone_bsp_0/ps7_cortexa9_0/include -MMD -MP -MF"src/helloworld.d" -MT"src/helloworld.o" -o "src/helloworld.o" "../src/helloworld.c"
../src/helloworld.c: In function 'hls_hw_init':
../src/helloworld.c:74:11: warning: implicit declaration of function 'XHls_macc_CfgInitialize'; did you mean 'XScuGic_CfgInitialize'? [-Wimplicit-function-declaration]
  status = XHls_macc_CfgInitialize(hls_maccPtr, cfgPtr);
           ^~~~~~~~~~~~~~~~~~~~~~~
           XScuGic_CfgInitialize
../src/helloworld.c:74:35: error: 'hls_maccPtr' undeclared (first use in this function)
  status = XHls_macc_CfgInitialize(hls_maccPtr, cfgPtr);
                                   ^~~~~~~~~~~
../src/helloworld.c:74:35: note: each undeclared identifier is reported only once for each function it appears in
../src/helloworld.c: At top level:
../src/helloworld.c:81:1: error: expected identifier or '(' before '}' token
 }
 ^
../src/helloworld.c: In function 'main':
../src/helloworld.c:93:13: warning: unused variable 'intCntrlInstance' [-Wunused-variable]
     XScuGic intCntrlInstance;
             ^~~~~~~~~~~~~~~~
../src/helloworld.c:90:20: warning: unused variable 'hlsHwInstance' [-Wunused-variable]
     XPointer_basic hlsHwInstance;
                    ^~~~~~~~~~~~~
../src/helloworld.c: In function 'hls_hw_init':
../src/helloworld.c:80:2: warning: control reaches end of non-void function [-Wreturn-type]
  }
  ^
make: *** [src/helloworld.o] Error 1
00:07:37 **** Auto Build of configuration Debug for project pointer_basic_helloworld_app ****
make pre-build main-build 
a9-linaro-pre-build-step
' '
'Building file: ../src/helloworld.c'
'Invoking: ARM v7 gcc compiler'
arm-none-eabi-gcc -Wall -O0 -g3 -c -fmessage-length=0 -MT"src/helloworld.o" -mcpu=cortex-a9 -mfpu=vfpv3 -mfloat-abi=hard -I../../standalone_bsp_0/ps7_cortexa9_0/include -MMD -MP -MF"src/helloworld.d" -MT"src/helloworld.o" -o "src/helloworld.o" "../src/helloworld.c"
../src/helloworld.c: In function 'hls_hw_init':
../src/helloworld.c:74:11: warning: implicit declaration of function 'XHls_macc_CfgInitialize'; did you mean 'XScuGic_CfgInitialize'? [-Wimplicit-function-declaration]
  status = XHls_macc_CfgInitialize(hls_maccPtr, cfgPtr);
           ^~~~~~~~~~~~~~~~~~~~~~~
           XScuGic_CfgInitialize
../src/helloworld.c:74:35: error: 'hls_maccPtr' undeclared (first use in this function)
  status = XHls_macc_CfgInitialize(hls_maccPtr, cfgPtr);
                                   ^~~~~~~~~~~
../src/helloworld.c:74:35: note: each undeclared identifier is reported only once for each function it appears in
../src/helloworld.c: At top level:
../src/helloworld.c:81:1: error: expected identifier or '(' before '}' token
 }
 ^
../src/helloworld.c: In function 'main':
../src/helloworld.c:93:13: warning: unused variable 'intCntrlInstance' [-Wunused-variable]
     XScuGic intCntrlInstance;
             ^~~~~~~~~~~~~~~~
../src/helloworld.c:90:20: warning: unused variable 'hlsHwInstance' [-Wunused-variable]
     XPointer_basic hlsHwInstance;
                    ^~~~~~~~~~~~~
../src/helloworld.c: In function 'hls_hw_init':
../src/helloworld.c:80:2: warning: control reaches end of non-void function [-Wreturn-type]
  }
  ^
make: *** [src/helloworld.o] Error 1
00:07:42 **** Auto Build of configuration Debug for project pointer_basic_helloworld_app ****
make pre-build main-build 
a9-linaro-pre-build-step
' '
'Building file: ../src/helloworld.c'
'Invoking: ARM v7 gcc compiler'
arm-none-eabi-gcc -Wall -O0 -g3 -c -fmessage-length=0 -MT"src/helloworld.o" -mcpu=cortex-a9 -mfpu=vfpv3 -mfloat-abi=hard -I../../standalone_bsp_0/ps7_cortexa9_0/include -MMD -MP -MF"src/helloworld.d" -MT"src/helloworld.o" -o "src/helloworld.o" "../src/helloworld.c"
../src/helloworld.c: In function 'hls_hw_init':
../src/helloworld.c:74:11: warning: implicit declaration of function 'XHls_macc_CfgInitialize'; did you mean 'XScuGic_CfgInitialize'? [-Wimplicit-function-declaration]
  status = XHls_macc_CfgInitialize(hls_maccPtr, cfgPtr);
           ^~~~~~~~~~~~~~~~~~~~~~~
           XScuGic_CfgInitialize
../src/helloworld.c:74:35: error: 'hls_maccPtr' undeclared (first use in this function)
  status = XHls_macc_CfgInitialize(hls_maccPtr, cfgPtr);
                                   ^~~~~~~~~~~
../src/helloworld.c:74:35: note: each undeclared identifier is reported only once for each function it appears in
../src/helloworld.c: In function 'main':
../src/helloworld.c:92:13: warning: unused variable 'intCntrlInstance' [-Wunused-variable]
     XScuGic intCntrlInstance;
             ^~~~~~~~~~~~~~~~
../src/helloworld.c:89:20: warning: unused variable 'hlsHwInstance' [-Wunused-variable]
     XPointer_basic hlsHwInstance;
                    ^~~~~~~~~~~~~
../src/helloworld.c: In function 'hls_hw_init':
../src/helloworld.c:80:1: warning: control reaches end of non-void function [-Wreturn-type]
 }
 ^
make: *** [src/helloworld.o] Error 1
00:08:04 **** Auto Build of configuration Debug for project pointer_basic_helloworld_app ****
make pre-build main-build 
a9-linaro-pre-build-step
' '
'Building file: ../src/helloworld.c'
'Invoking: ARM v7 gcc compiler'
arm-none-eabi-gcc -Wall -O0 -g3 -c -fmessage-length=0 -MT"src/helloworld.o" -mcpu=cortex-a9 -mfpu=vfpv3 -mfloat-abi=hard -I../../standalone_bsp_0/ps7_cortexa9_0/include -MMD -MP -MF"src/helloworld.d" -MT"src/helloworld.o" -o "src/helloworld.o" "../src/helloworld.c"
../src/helloworld.c: In function 'hls_hw_init':
../src/helloworld.c:74:40: error: 'hls_maccPtr' undeclared (first use in this function)
  status = XPointer_basic_CfgInitialize(hls_maccPtr, cfgPtr);
                                        ^~~~~~~~~~~
../src/helloworld.c:74:40: note: each undeclared identifier is reported only once for each function it appears in
../src/helloworld.c: In function 'main':
../src/helloworld.c:92:13: warning: unused variable 'intCntrlInstance' [-Wunused-variable]
     XScuGic intCntrlInstance;
             ^~~~~~~~~~~~~~~~
../src/helloworld.c:89:20: warning: unused variable 'hlsHwInstance' [-Wunused-variable]
     XPointer_basic hlsHwInstance;
                    ^~~~~~~~~~~~~
../src/helloworld.c: In function 'hls_hw_init':
../src/helloworld.c:80:1: warning: control reaches end of non-void function [-Wreturn-type]
 }
 ^
make: *** [src/helloworld.o] Error 1
00:08:30 **** Auto Build of configuration Debug for project pointer_basic_helloworld_app ****
make pre-build main-build 
a9-linaro-pre-build-step
' '
'Building file: ../src/helloworld.c'
'Invoking: ARM v7 gcc compiler'
arm-none-eabi-gcc -Wall -O0 -g3 -c -fmessage-length=0 -MT"src/helloworld.o" -mcpu=cortex-a9 -mfpu=vfpv3 -mfloat-abi=hard -I../../standalone_bsp_0/ps7_cortexa9_0/include -MMD -MP -MF"src/helloworld.d" -MT"src/helloworld.o" -o "src/helloworld.o" "../src/helloworld.c"
../src/helloworld.c: In function 'hls_hw_init':
../src/helloworld.c:68:7: error: 'cfgPtr' undeclared (first use in this function); did you mean 'pCfgPtr'?
  if (!cfgPtr)
       ^~~~~~
       pCfgPtr
../src/helloworld.c:68:7: note: each undeclared identifier is reported only once for each function it appears in
../src/helloworld.c:74:40: error: 'hls_maccPtr' undeclared (first use in this function)
  status = XPointer_basic_CfgInitialize(hls_maccPtr, pCfgPtr);
                                        ^~~~~~~~~~~
../src/helloworld.c: In function 'main':
../src/helloworld.c:92:13: warning: unused variable 'intCntrlInstance' [-Wunused-variable]
     XScuGic intCntrlInstance;
             ^~~~~~~~~~~~~~~~
../src/helloworld.c:89:20: warning: unused variable 'hlsHwInstance' [-Wunused-variable]
     XPointer_basic hlsHwInstance;
                    ^~~~~~~~~~~~~
../src/helloworld.c: In function 'hls_hw_init':
../src/helloworld.c:80:1: warning: control reaches end of non-void function [-Wreturn-type]
 }
 ^
make: *** [src/helloworld.o] Error 1
00:08:35 **** Auto Build of configuration Debug for project pointer_basic_helloworld_app ****
make pre-build main-build 
a9-linaro-pre-build-step
' '
'Building file: ../src/helloworld.c'
'Invoking: ARM v7 gcc compiler'
arm-none-eabi-gcc -Wall -O0 -g3 -c -fmessage-length=0 -MT"src/helloworld.o" -mcpu=cortex-a9 -mfpu=vfpv3 -mfloat-abi=hard -I../../standalone_bsp_0/ps7_cortexa9_0/include -MMD -MP -MF"src/helloworld.d" -MT"src/helloworld.o" -o "src/helloworld.o" "../src/helloworld.c"
../src/helloworld.c: In function 'hls_hw_init':
../src/helloworld.c:68:7: error: 'cfgPtr' undeclared (first use in this function); did you mean 'pCfgPtr'?
  if (!cfgPtr)
       ^~~~~~
       pCfgPtr
../src/helloworld.c:68:7: note: each undeclared identifier is reported only once for each function it appears in
../src/helloworld.c: In function 'main':
../src/helloworld.c:92:13: warning: unused variable 'intCntrlInstance' [-Wunused-variable]
     XScuGic intCntrlInstance;
             ^~~~~~~~~~~~~~~~
../src/helloworld.c:89:20: warning: unused variable 'hlsHwInstance' [-Wunused-variable]
     XPointer_basic hlsHwInstance;
                    ^~~~~~~~~~~~~
../src/helloworld.c: In function 'hls_hw_init':
../src/helloworld.c:80:1: warning: control reaches end of non-void function [-Wreturn-type]
 }
 ^
make: *** [src/helloworld.o] Error 1
00:08:58 **** Auto Build of configuration Debug for project pointer_basic_helloworld_app ****
make pre-build main-build 
a9-linaro-pre-build-step
' '
'Building file: ../src/helloworld.c'
'Invoking: ARM v7 gcc compiler'
arm-none-eabi-gcc -Wall -O0 -g3 -c -fmessage-length=0 -MT"src/helloworld.o" -mcpu=cortex-a9 -mfpu=vfpv3 -mfloat-abi=hard -I../../standalone_bsp_0/ps7_cortexa9_0/include -MMD -MP -MF"src/helloworld.d" -MT"src/helloworld.o" -o "src/helloworld.o" "../src/helloworld.c"
../src/helloworld.c: In function 'main':
../src/helloworld.c:92:13: warning: unused variable 'intCntrlInstance' [-Wunused-variable]
     XScuGic intCntrlInstance;
             ^~~~~~~~~~~~~~~~
../src/helloworld.c:89:20: warning: unused variable 'hlsHwInstance' [-Wunused-variable]
     XPointer_basic hlsHwInstance;
                    ^~~~~~~~~~~~~
../src/helloworld.c: In function 'hls_hw_init':
../src/helloworld.c:80:1: warning: control reaches end of non-void function [-Wreturn-type]
 }
 ^
'Finished building: ../src/helloworld.c'
' '
'Building target: pointer_basic_helloworld_app.elf'
'Invoking: ARM v7 gcc linker'
arm-none-eabi-gcc -mcpu=cortex-a9 -mfpu=vfpv3 -mfloat-abi=hard -Wl,-build-id=none -specs=Xilinx.spec -Wl,-T -Wl,../src/lscript.ld -L../../standalone_bsp_0/ps7_cortexa9_0/lib -o "pointer_basic_helloworld_app.elf"  ./src/helloworld.o ./src/platform.o   -Wl,--start-group,-lxil,-lgcc,-lc,--end-group
'Finished building target: pointer_basic_helloworld_app.elf'
' '
'Invoking: ARM v7 Print Size'
arm-none-eabi-size pointer_basic_helloworld_app.elf  |tee "pointer_basic_helloworld_app.elf.size"
   text	   data	    bss	    dec	    hex	filename
  22240	   1152	  22584	  45976	   b398	pointer_basic_helloworld_app.elf
'Finished building: pointer_basic_helloworld_app.elf.size'
' '
00:09:02 **** Auto Build of configuration Debug for project pointer_basic_helloworld_app ****
make pre-build main-build 
a9-linaro-pre-build-step
' '
'Building file: ../src/helloworld.c'
'Invoking: ARM v7 gcc compiler'
arm-none-eabi-gcc -Wall -O0 -g3 -c -fmessage-length=0 -MT"src/helloworld.o" -mcpu=cortex-a9 -mfpu=vfpv3 -mfloat-abi=hard -I../../standalone_bsp_0/ps7_cortexa9_0/include -MMD -MP -MF"src/helloworld.d" -MT"src/helloworld.o" -o "src/helloworld.o" "../src/helloworld.c"
../src/helloworld.c: In function 'main':
../src/helloworld.c:92:13: warning: unused variable 'intCntrlInstance' [-Wunused-variable]
     XScuGic intCntrlInstance;
             ^~~~~~~~~~~~~~~~
../src/helloworld.c:89:20: warning: unused variable 'hlsHwInstance' [-Wunused-variable]
     XPointer_basic hlsHwInstance;
                    ^~~~~~~~~~~~~
../src/helloworld.c: In function 'hls_hw_init':
../src/helloworld.c:80:1: warning: control reaches end of non-void function [-Wreturn-type]
 }
 ^
'Finished building: ../src/helloworld.c'
' '
'Building target: pointer_basic_helloworld_app.elf'
'Invoking: ARM v7 gcc linker'
arm-none-eabi-gcc -mcpu=cortex-a9 -mfpu=vfpv3 -mfloat-abi=hard -Wl,-build-id=none -specs=Xilinx.spec -Wl,-T -Wl,../src/lscript.ld -L../../standalone_bsp_0/ps7_cortexa9_0/lib -o "pointer_basic_helloworld_app.elf"  ./src/helloworld.o ./src/platform.o   -Wl,--start-group,-lxil,-lgcc,-lc,--end-group
'Finished building target: pointer_basic_helloworld_app.elf'
' '
'Invoking: ARM v7 Print Size'
arm-none-eabi-size pointer_basic_helloworld_app.elf  |tee "pointer_basic_helloworld_app.elf.size"
   text	   data	    bss	    dec	    hex	filename
  22240	   1152	  22584	  45976	   b398	pointer_basic_helloworld_app.elf
'Finished building: pointer_basic_helloworld_app.elf.size'
' '
00:09:06 **** Auto Build of configuration Debug for project pointer_basic_helloworld_app ****
make pre-build main-build 
a9-linaro-pre-build-step
' '
'Building file: ../src/helloworld.c'
'Invoking: ARM v7 gcc compiler'
arm-none-eabi-gcc -Wall -O0 -g3 -c -fmessage-length=0 -MT"src/helloworld.o" -mcpu=cortex-a9 -mfpu=vfpv3 -mfloat-abi=hard -I../../standalone_bsp_0/ps7_cortexa9_0/include -MMD -MP -MF"src/helloworld.d" -MT"src/helloworld.o" -o "src/helloworld.o" "../src/helloworld.c"
../src/helloworld.c: In function 'main':
../src/helloworld.c:92:13: warning: unused variable 'intCntrlInstance' [-Wunused-variable]
     XScuGic intCntrlInstance;
             ^~~~~~~~~~~~~~~~
../src/helloworld.c:89:20: warning: unused variable 'hlsHwInstance' [-Wunused-variable]
     XPointer_basic hlsHwInstance;
                    ^~~~~~~~~~~~~
../src/helloworld.c: In function 'hls_hw_init':
../src/helloworld.c:80:1: warning: control reaches end of non-void function [-Wreturn-type]
 }
 ^
'Finished building: ../src/helloworld.c'
' '
'Building target: pointer_basic_helloworld_app.elf'
'Invoking: ARM v7 gcc linker'
arm-none-eabi-gcc -mcpu=cortex-a9 -mfpu=vfpv3 -mfloat-abi=hard -Wl,-build-id=none -specs=Xilinx.spec -Wl,-T -Wl,../src/lscript.ld -L../../standalone_bsp_0/ps7_cortexa9_0/lib -o "pointer_basic_helloworld_app.elf"  ./src/helloworld.o ./src/platform.o   -Wl,--start-group,-lxil,-lgcc,-lc,--end-group
'Finished building target: pointer_basic_helloworld_app.elf'
' '
'Invoking: ARM v7 Print Size'
arm-none-eabi-size pointer_basic_helloworld_app.elf  |tee "pointer_basic_helloworld_app.elf.size"
   text	   data	    bss	    dec	    hex	filename
  22240	   1152	  22584	  45976	   b398	pointer_basic_helloworld_app.elf
'Finished building: pointer_basic_helloworld_app.elf.size'
' '
00:09:25 **** Auto Build of configuration Debug for project pointer_basic_helloworld_app ****
make pre-build main-build 
a9-linaro-pre-build-step
' '
'Building file: ../src/helloworld.c'
'Invoking: ARM v7 gcc compiler'
arm-none-eabi-gcc -Wall -O0 -g3 -c -fmessage-length=0 -MT"src/helloworld.o" -mcpu=cortex-a9 -mfpu=vfpv3 -mfloat-abi=hard -I../../standalone_bsp_0/ps7_cortexa9_0/include -MMD -MP -MF"src/helloworld.d" -MT"src/helloworld.o" -o "src/helloworld.o" "../src/helloworld.c"
../src/helloworld.c: In function 'hls_hw_init':
../src/helloworld.c:74:40: error: 'pHlsHwInstance' undeclared (first use in this function); did you mean 'pHlsHwIpInstance'?
  status = XPointer_basic_CfgInitialize(pHlsHwInstance, pCfgPtr);
                                        ^~~~~~~~~~~~~~
                                        pHlsHwIpInstance
../src/helloworld.c:74:40: note: each undeclared identifier is reported only once for each function it appears in
../src/helloworld.c: In function 'main':
../src/helloworld.c:92:13: warning: unused variable 'intCntrlInstance' [-Wunused-variable]
     XScuGic intCntrlInstance;
             ^~~~~~~~~~~~~~~~
../src/helloworld.c:89:20: warning: unused variable 'hlsHwInstance' [-Wunused-variable]
     XPointer_basic hlsHwInstance;
                    ^~~~~~~~~~~~~
../src/helloworld.c: In function 'hls_hw_init':
../src/helloworld.c:80:1: warning: control reaches end of non-void function [-Wreturn-type]
 }
 ^
make: *** [src/helloworld.o] Error 1
00:09:28 **** Auto Build of configuration Debug for project pointer_basic_helloworld_app ****
make pre-build main-build 
a9-linaro-pre-build-step
' '
'Building file: ../src/helloworld.c'
'Invoking: ARM v7 gcc compiler'
arm-none-eabi-gcc -Wall -O0 -g3 -c -fmessage-length=0 -MT"src/helloworld.o" -mcpu=cortex-a9 -mfpu=vfpv3 -mfloat-abi=hard -I../../standalone_bsp_0/ps7_cortexa9_0/include -MMD -MP -MF"src/helloworld.d" -MT"src/helloworld.o" -o "src/helloworld.o" "../src/helloworld.c"
../src/helloworld.c: In function 'main':
../src/helloworld.c:92:13: warning: unused variable 'intCntrlInstance' [-Wunused-variable]
     XScuGic intCntrlInstance;
             ^~~~~~~~~~~~~~~~
../src/helloworld.c:89:20: warning: unused variable 'hlsHwInstance' [-Wunused-variable]
     XPointer_basic hlsHwInstance;
                    ^~~~~~~~~~~~~
../src/helloworld.c: In function 'hls_hw_init':
../src/helloworld.c:80:1: warning: control reaches end of non-void function [-Wreturn-type]
 }
 ^
'Finished building: ../src/helloworld.c'
' '
'Building target: pointer_basic_helloworld_app.elf'
'Invoking: ARM v7 gcc linker'
arm-none-eabi-gcc -mcpu=cortex-a9 -mfpu=vfpv3 -mfloat-abi=hard -Wl,-build-id=none -specs=Xilinx.spec -Wl,-T -Wl,../src/lscript.ld -L../../standalone_bsp_0/ps7_cortexa9_0/lib -o "pointer_basic_helloworld_app.elf"  ./src/helloworld.o ./src/platform.o   -Wl,--start-group,-lxil,-lgcc,-lc,--end-group
'Finished building target: pointer_basic_helloworld_app.elf'
' '
'Invoking: ARM v7 Print Size'
arm-none-eabi-size pointer_basic_helloworld_app.elf  |tee "pointer_basic_helloworld_app.elf.size"
   text	   data	    bss	    dec	    hex	filename
  22240	   1152	  22584	  45976	   b398	pointer_basic_helloworld_app.elf
'Finished building: pointer_basic_helloworld_app.elf.size'
' '
00:09:38 **** Auto Build of configuration Debug for project pointer_basic_helloworld_app ****
make pre-build main-build 
a9-linaro-pre-build-step
' '
'Building file: ../src/helloworld.c'
'Invoking: ARM v7 gcc compiler'
arm-none-eabi-gcc -Wall -O0 -g3 -c -fmessage-length=0 -MT"src/helloworld.o" -mcpu=cortex-a9 -mfpu=vfpv3 -mfloat-abi=hard -I../../standalone_bsp_0/ps7_cortexa9_0/include -MMD -MP -MF"src/helloworld.d" -MT"src/helloworld.o" -o "src/helloworld.o" "../src/helloworld.c"
../src/helloworld.c: In function 'hls_hw_init':
../src/helloworld.c:66:2: error: 'pCfgPtr' undeclared (first use in this function); did you mean 'pCfg'?
  pCfgPtr  = XPointer_basic_LookupConfig( XPAR_XPOINTER_BASIC_0_DEVICE_ID );
  ^~~~~~~
  pCfg
../src/helloworld.c:66:2: note: each undeclared identifier is reported only once for each function it appears in
../src/helloworld.c: In function 'main':
../src/helloworld.c:92:13: warning: unused variable 'intCntrlInstance' [-Wunused-variable]
     XScuGic intCntrlInstance;
             ^~~~~~~~~~~~~~~~
../src/helloworld.c:89:20: warning: unused variable 'hlsHwInstance' [-Wunused-variable]
     XPointer_basic hlsHwInstance;
                    ^~~~~~~~~~~~~
../src/helloworld.c: In function 'hls_hw_init':
../src/helloworld.c:80:1: warning: control reaches end of non-void function [-Wreturn-type]
 }
 ^
make: *** [src/helloworld.o] Error 1
00:09:47 **** Auto Build of configuration Debug for project pointer_basic_helloworld_app ****
make pre-build main-build 
a9-linaro-pre-build-step
' '
'Building file: ../src/helloworld.c'
'Invoking: ARM v7 gcc compiler'
arm-none-eabi-gcc -Wall -O0 -g3 -c -fmessage-length=0 -MT"src/helloworld.o" -mcpu=cortex-a9 -mfpu=vfpv3 -mfloat-abi=hard -I../../standalone_bsp_0/ps7_cortexa9_0/include -MMD -MP -MF"src/helloworld.d" -MT"src/helloworld.o" -o "src/helloworld.o" "../src/helloworld.c"
../src/helloworld.c: In function 'hls_hw_init':
../src/helloworld.c:68:8: error: 'pCfgPtr' undeclared (first use in this function); did you mean 'pCfg'?
  if ( !pCfgPtr )
        ^~~~~~~
        pCfg
../src/helloworld.c:68:8: note: each undeclared identifier is reported only once for each function it appears in
../src/helloworld.c: In function 'main':
../src/helloworld.c:92:13: warning: unused variable 'intCntrlInstance' [-Wunused-variable]
     XScuGic intCntrlInstance;
             ^~~~~~~~~~~~~~~~
../src/helloworld.c:89:20: warning: unused variable 'hlsHwInstance' [-Wunused-variable]
     XPointer_basic hlsHwInstance;
                    ^~~~~~~~~~~~~
../src/helloworld.c: In function 'hls_hw_init':
../src/helloworld.c:80:1: warning: control reaches end of non-void function [-Wreturn-type]
 }
 ^
make: *** [src/helloworld.o] Error 1
00:09:52 **** Auto Build of configuration Debug for project pointer_basic_helloworld_app ****
make pre-build main-build 
a9-linaro-pre-build-step
' '
'Building file: ../src/helloworld.c'
'Invoking: ARM v7 gcc compiler'
arm-none-eabi-gcc -Wall -O0 -g3 -c -fmessage-length=0 -MT"src/helloworld.o" -mcpu=cortex-a9 -mfpu=vfpv3 -mfloat-abi=hard -I../../standalone_bsp_0/ps7_cortexa9_0/include -MMD -MP -MF"src/helloworld.d" -MT"src/helloworld.o" -o "src/helloworld.o" "../src/helloworld.c"
../src/helloworld.c: In function 'main':
../src/helloworld.c:92:13: warning: unused variable 'intCntrlInstance' [-Wunused-variable]
     XScuGic intCntrlInstance;
             ^~~~~~~~~~~~~~~~
../src/helloworld.c:89:20: warning: unused variable 'hlsHwInstance' [-Wunused-variable]
     XPointer_basic hlsHwInstance;
                    ^~~~~~~~~~~~~
../src/helloworld.c: In function 'hls_hw_init':
../src/helloworld.c:80:1: warning: control reaches end of non-void function [-Wreturn-type]
 }
 ^
'Finished building: ../src/helloworld.c'
' '
'Building target: pointer_basic_helloworld_app.elf'
'Invoking: ARM v7 gcc linker'
arm-none-eabi-gcc -mcpu=cortex-a9 -mfpu=vfpv3 -mfloat-abi=hard -Wl,-build-id=none -specs=Xilinx.spec -Wl,-T -Wl,../src/lscript.ld -L../../standalone_bsp_0/ps7_cortexa9_0/lib -o "pointer_basic_helloworld_app.elf"  ./src/helloworld.o ./src/platform.o   -Wl,--start-group,-lxil,-lgcc,-lc,--end-group
'Finished building target: pointer_basic_helloworld_app.elf'
' '
'Invoking: ARM v7 Print Size'
arm-none-eabi-size pointer_basic_helloworld_app.elf  |tee "pointer_basic_helloworld_app.elf.size"
   text	   data	    bss	    dec	    hex	filename
  22240	   1152	  22584	  45976	   b398	pointer_basic_helloworld_app.elf
'Finished building: pointer_basic_helloworld_app.elf.size'
' '
00:10:19 **** Auto Build of configuration Debug for project pointer_basic_helloworld_app ****
make pre-build main-build 
a9-linaro-pre-build-step
' '
'Building file: ../src/helloworld.c'
'Invoking: ARM v7 gcc compiler'
arm-none-eabi-gcc -Wall -O0 -g3 -c -fmessage-length=0 -MT"src/helloworld.o" -mcpu=cortex-a9 -mfpu=vfpv3 -mfloat-abi=hard -I../../standalone_bsp_0/ps7_cortexa9_0/include -MMD -MP -MF"src/helloworld.d" -MT"src/helloworld.o" -o "src/helloworld.o" "../src/helloworld.c"
../src/helloworld.c: In function 'main':
../src/helloworld.c:93:13: warning: unused variable 'intCntrlInstance' [-Wunused-variable]
     XScuGic intCntrlInstance;
             ^~~~~~~~~~~~~~~~
../src/helloworld.c:90:20: warning: unused variable 'hlsHwInstance' [-Wunused-variable]
     XPointer_basic hlsHwInstance;
                    ^~~~~~~~~~~~~
../src/helloworld.c: In function 'hls_hw_init':
../src/helloworld.c:81:1: warning: control reaches end of non-void function [-Wreturn-type]
 }
 ^
'Finished building: ../src/helloworld.c'
' '
'Building target: pointer_basic_helloworld_app.elf'
'Invoking: ARM v7 gcc linker'
arm-none-eabi-gcc -mcpu=cortex-a9 -mfpu=vfpv3 -mfloat-abi=hard -Wl,-build-id=none -specs=Xilinx.spec -Wl,-T -Wl,../src/lscript.ld -L../../standalone_bsp_0/ps7_cortexa9_0/lib -o "pointer_basic_helloworld_app.elf"  ./src/helloworld.o ./src/platform.o   -Wl,--start-group,-lxil,-lgcc,-lc,--end-group
'Finished building target: pointer_basic_helloworld_app.elf'
' '
'Invoking: ARM v7 Print Size'
arm-none-eabi-size pointer_basic_helloworld_app.elf  |tee "pointer_basic_helloworld_app.elf.size"
   text	   data	    bss	    dec	    hex	filename
  22240	   1152	  22584	  45976	   b398	pointer_basic_helloworld_app.elf
'Finished building: pointer_basic_helloworld_app.elf.size'
' '
00:10:31 **** Auto Build of configuration Debug for project pointer_basic_helloworld_app ****
make pre-build main-build 
a9-linaro-pre-build-step
' '
'Building file: ../src/helloworld.c'
'Invoking: ARM v7 gcc compiler'
arm-none-eabi-gcc -Wall -O0 -g3 -c -fmessage-length=0 -MT"src/helloworld.o" -mcpu=cortex-a9 -mfpu=vfpv3 -mfloat-abi=hard -I../../standalone_bsp_0/ps7_cortexa9_0/include -MMD -MP -MF"src/helloworld.d" -MT"src/helloworld.o" -o "src/helloworld.o" "../src/helloworld.c"
../src/helloworld.c: In function 'main':
../src/helloworld.c:94:13: warning: unused variable 'intCntrlInstance' [-Wunused-variable]
     XScuGic intCntrlInstance;
             ^~~~~~~~~~~~~~~~
../src/helloworld.c:91:20: warning: unused variable 'hlsHwInstance' [-Wunused-variable]
     XPointer_basic hlsHwInstance;
                    ^~~~~~~~~~~~~
../src/helloworld.c: In function 'hls_hw_init':
../src/helloworld.c:82:1: warning: control reaches end of non-void function [-Wreturn-type]
 }
 ^
'Finished building: ../src/helloworld.c'
' '
'Building target: pointer_basic_helloworld_app.elf'
'Invoking: ARM v7 gcc linker'
arm-none-eabi-gcc -mcpu=cortex-a9 -mfpu=vfpv3 -mfloat-abi=hard -Wl,-build-id=none -specs=Xilinx.spec -Wl,-T -Wl,../src/lscript.ld -L../../standalone_bsp_0/ps7_cortexa9_0/lib -o "pointer_basic_helloworld_app.elf"  ./src/helloworld.o ./src/platform.o   -Wl,--start-group,-lxil,-lgcc,-lc,--end-group
'Finished building target: pointer_basic_helloworld_app.elf'
' '
'Invoking: ARM v7 Print Size'
arm-none-eabi-size pointer_basic_helloworld_app.elf  |tee "pointer_basic_helloworld_app.elf.size"
   text	   data	    bss	    dec	    hex	filename
  22240	   1152	  22584	  45976	   b398	pointer_basic_helloworld_app.elf
'Finished building: pointer_basic_helloworld_app.elf.size'
' '
00:12:20 **** Auto Build of configuration Debug for project pointer_basic_helloworld_app ****
make pre-build main-build 
a9-linaro-pre-build-step
' '
'Building file: ../src/helloworld.c'
'Invoking: ARM v7 gcc compiler'
arm-none-eabi-gcc -Wall -O0 -g3 -c -fmessage-length=0 -MT"src/helloworld.o" -mcpu=cortex-a9 -mfpu=vfpv3 -mfloat-abi=hard -I../../standalone_bsp_0/ps7_cortexa9_0/include -MMD -MP -MF"src/helloworld.d" -MT"src/helloworld.o" -o "src/helloworld.o" "../src/helloworld.c"
../src/helloworld.c: In function 'hls_hw_start':
../src/helloworld.c:64:1: error: unknown type name 'XHls_macc'
 XHls_macc *pAccelerator = (XHls_macc *)InstancePtr;
 ^~~~~~~~~
../src/helloworld.c:64:28: error: 'XHls_macc' undeclared (first use in this function)
 XHls_macc *pAccelerator = (XHls_macc *)InstancePtr;
                            ^~~~~~~~~
../src/helloworld.c:64:28: note: each undeclared identifier is reported only once for each function it appears in
../src/helloworld.c:64:39: error: expected expression before ')' token
 XHls_macc *pAccelerator = (XHls_macc *)InstancePtr;
                                       ^
../src/helloworld.c:65:1: warning: implicit declaration of function 'XHls_macc_InterruptEnable'; did you mean 'XPointer_basic_InterruptEnable'? [-Wimplicit-function-declaration]
 XHls_macc_InterruptEnable(pAccelerator,1);
 ^~~~~~~~~~~~~~~~~~~~~~~~~
 XPointer_basic_InterruptEnable
../src/helloworld.c:66:1: warning: implicit declaration of function 'XHls_macc_InterruptGlobalEnable'; did you mean 'XPointer_basic_InterruptGlobalEnable'? [-Wimplicit-function-declaration]
 XHls_macc_InterruptGlobalEnable(pAccelerator);
 ^~~~~~~~~~~~~~~~~~~~~~~~~~~~~~~
 XPointer_basic_InterruptGlobalEnable
../src/helloworld.c:67:1: warning: implicit declaration of function 'XHls_macc_Start'; did you mean 'hls_hw_start'? [-Wimplicit-function-declaration]
 XHls_macc_Start(pAccelerator);
 ^~~~~~~~~~~~~~~
 hls_hw_start
../src/helloworld.c: In function 'main':
../src/helloworld.c:102:13: warning: unused variable 'intCntrlInstance' [-Wunused-variable]
     XScuGic intCntrlInstance;
             ^~~~~~~~~~~~~~~~
../src/helloworld.c:99:20: warning: unused variable 'hlsHwInstance' [-Wunused-variable]
     XPointer_basic hlsHwInstance;
                    ^~~~~~~~~~~~~
../src/helloworld.c: In function 'hls_hw_init':
../src/helloworld.c:90:1: warning: control reaches end of non-void function [-Wreturn-type]
 }
 ^
make: *** [src/helloworld.o] Error 1
00:12:34 **** Auto Build of configuration Debug for project pointer_basic_helloworld_app ****
make pre-build main-build 
a9-linaro-pre-build-step
' '
'Building file: ../src/helloworld.c'
'Invoking: ARM v7 gcc compiler'
arm-none-eabi-gcc -Wall -O0 -g3 -c -fmessage-length=0 -MT"src/helloworld.o" -mcpu=cortex-a9 -mfpu=vfpv3 -mfloat-abi=hard -I../../standalone_bsp_0/ps7_cortexa9_0/include -MMD -MP -MF"src/helloworld.d" -MT"src/helloworld.o" -o "src/helloworld.o" "../src/helloworld.c"
../src/helloworld.c: In function 'hls_hw_start':
../src/helloworld.c:65:2: error: unknown type name 'XHls_macc'
  XHls_macc *pAccelerator = (XHls_macc *)InstancePtr;
  ^~~~~~~~~
../src/helloworld.c:65:29: error: 'XHls_macc' undeclared (first use in this function)
  XHls_macc *pAccelerator = (XHls_macc *)InstancePtr;
                             ^~~~~~~~~
../src/helloworld.c:65:29: note: each undeclared identifier is reported only once for each function it appears in
../src/helloworld.c:65:40: error: expected expression before ')' token
  XHls_macc *pAccelerator = (XHls_macc *)InstancePtr;
                                        ^
../src/helloworld.c:66:2: warning: implicit declaration of function 'XHls_macc_InterruptEnable'; did you mean 'XPointer_basic_InterruptEnable'? [-Wimplicit-function-declaration]
  XHls_macc_InterruptEnable(pAccelerator,1);
  ^~~~~~~~~~~~~~~~~~~~~~~~~
  XPointer_basic_InterruptEnable
../src/helloworld.c:67:2: warning: implicit declaration of function 'XHls_macc_InterruptGlobalEnable'; did you mean 'XPointer_basic_InterruptGlobalEnable'? [-Wimplicit-function-declaration]
  XHls_macc_InterruptGlobalEnable(pAccelerator);
  ^~~~~~~~~~~~~~~~~~~~~~~~~~~~~~~
  XPointer_basic_InterruptGlobalEnable
../src/helloworld.c:68:2: warning: implicit declaration of function 'XHls_macc_Start'; did you mean 'hls_hw_start'? [-Wimplicit-function-declaration]
  XHls_macc_Start(pAccelerator);
  ^~~~~~~~~~~~~~~
  hls_hw_start
../src/helloworld.c: In function 'main':
../src/helloworld.c:103:13: warning: unused variable 'intCntrlInstance' [-Wunused-variable]
     XScuGic intCntrlInstance;
             ^~~~~~~~~~~~~~~~
../src/helloworld.c:100:20: warning: unused variable 'hlsHwInstance' [-Wunused-variable]
     XPointer_basic hlsHwInstance;
                    ^~~~~~~~~~~~~
../src/helloworld.c: In function 'hls_hw_init':
../src/helloworld.c:91:1: warning: control reaches end of non-void function [-Wreturn-type]
 }
 ^
make: *** [src/helloworld.o] Error 1
00:13:10 **** Auto Build of configuration Debug for project pointer_basic_helloworld_app ****
make pre-build main-build 
a9-linaro-pre-build-step
' '
'Building file: ../src/helloworld.c'
'Invoking: ARM v7 gcc compiler'
arm-none-eabi-gcc -Wall -O0 -g3 -c -fmessage-length=0 -MT"src/helloworld.o" -mcpu=cortex-a9 -mfpu=vfpv3 -mfloat-abi=hard -I../../standalone_bsp_0/ps7_cortexa9_0/include -MMD -MP -MF"src/helloworld.d" -MT"src/helloworld.o" -o "src/helloworld.o" "../src/helloworld.c"
../src/helloworld.c: In function 'hls_hw_start':
../src/helloworld.c:65:51: error: 'InstancePtr' undeclared (first use in this function)
  XPointer_basic *pAccelerator = (XPointer_basic *)InstancePtr;
                                                   ^~~~~~~~~~~
../src/helloworld.c:65:51: note: each undeclared identifier is reported only once for each function it appears in
../src/helloworld.c: In function 'main':
../src/helloworld.c:103:13: warning: unused variable 'intCntrlInstance' [-Wunused-variable]
     XScuGic intCntrlInstance;
             ^~~~~~~~~~~~~~~~
../src/helloworld.c:100:20: warning: unused variable 'hlsHwInstance' [-Wunused-variable]
     XPointer_basic hlsHwInstance;
                    ^~~~~~~~~~~~~
../src/helloworld.c: In function 'hls_hw_init':
../src/helloworld.c:91:1: warning: control reaches end of non-void function [-Wreturn-type]
 }
 ^
make: *** [src/helloworld.o] Error 1
00:13:17 **** Auto Build of configuration Debug for project pointer_basic_helloworld_app ****
make pre-build main-build 
a9-linaro-pre-build-step
' '
'Building file: ../src/helloworld.c'
'Invoking: ARM v7 gcc compiler'
arm-none-eabi-gcc -Wall -O0 -g3 -c -fmessage-length=0 -MT"src/helloworld.o" -mcpu=cortex-a9 -mfpu=vfpv3 -mfloat-abi=hard -I../../standalone_bsp_0/ps7_cortexa9_0/include -MMD -MP -MF"src/helloworld.d" -MT"src/helloworld.o" -o "src/helloworld.o" "../src/helloworld.c"
../src/helloworld.c: In function 'main':
../src/helloworld.c:103:13: warning: unused variable 'intCntrlInstance' [-Wunused-variable]
     XScuGic intCntrlInstance;
             ^~~~~~~~~~~~~~~~
../src/helloworld.c:100:20: warning: unused variable 'hlsHwInstance' [-Wunused-variable]
     XPointer_basic hlsHwInstance;
                    ^~~~~~~~~~~~~
../src/helloworld.c: In function 'hls_hw_init':
../src/helloworld.c:91:1: warning: control reaches end of non-void function [-Wreturn-type]
 }
 ^
'Finished building: ../src/helloworld.c'
' '
'Building target: pointer_basic_helloworld_app.elf'
'Invoking: ARM v7 gcc linker'
arm-none-eabi-gcc -mcpu=cortex-a9 -mfpu=vfpv3 -mfloat-abi=hard -Wl,-build-id=none -specs=Xilinx.spec -Wl,-T -Wl,../src/lscript.ld -L../../standalone_bsp_0/ps7_cortexa9_0/lib -o "pointer_basic_helloworld_app.elf"  ./src/helloworld.o ./src/platform.o   -Wl,--start-group,-lxil,-lgcc,-lc,--end-group
'Finished building target: pointer_basic_helloworld_app.elf'
' '
'Invoking: ARM v7 Print Size'
arm-none-eabi-size pointer_basic_helloworld_app.elf  |tee "pointer_basic_helloworld_app.elf.size"
   text	   data	    bss	    dec	    hex	filename
  22304	   1152	  22584	  46040	   b3d8	pointer_basic_helloworld_app.elf
'Finished building: pointer_basic_helloworld_app.elf.size'
' '
00:14:33 **** Auto Build of configuration Debug for project pointer_basic_helloworld_app ****
make pre-build main-build 
a9-linaro-pre-build-step
' '
'Building file: ../src/helloworld.c'
'Invoking: ARM v7 gcc compiler'
arm-none-eabi-gcc -Wall -O0 -g3 -c -fmessage-length=0 -MT"src/helloworld.o" -mcpu=cortex-a9 -mfpu=vfpv3 -mfloat-abi=hard -I../../standalone_bsp_0/ps7_cortexa9_0/include -MMD -MP -MF"src/helloworld.d" -MT"src/helloworld.o" -o "src/helloworld.o" "../src/helloworld.c"
../src/helloworld.c: In function 'main':
../src/helloworld.c:105:13: warning: unused variable 'intCntrlInstance' [-Wunused-variable]
     XScuGic intCntrlInstance;
             ^~~~~~~~~~~~~~~~
../src/helloworld.c:102:20: warning: unused variable 'hlsHwInstance' [-Wunused-variable]
     XPointer_basic hlsHwInstance;
                    ^~~~~~~~~~~~~
../src/helloworld.c: In function 'hls_hw_init':
../src/helloworld.c:93:1: warning: control reaches end of non-void function [-Wreturn-type]
 }
 ^
'Finished building: ../src/helloworld.c'
' '
'Building target: pointer_basic_helloworld_app.elf'
'Invoking: ARM v7 gcc linker'
arm-none-eabi-gcc -mcpu=cortex-a9 -mfpu=vfpv3 -mfloat-abi=hard -Wl,-build-id=none -specs=Xilinx.spec -Wl,-T -Wl,../src/lscript.ld -L../../standalone_bsp_0/ps7_cortexa9_0/lib -o "pointer_basic_helloworld_app.elf"  ./src/helloworld.o ./src/platform.o   -Wl,--start-group,-lxil,-lgcc,-lc,--end-group
'Finished building target: pointer_basic_helloworld_app.elf'
' '
'Invoking: ARM v7 Print Size'
arm-none-eabi-size pointer_basic_helloworld_app.elf  |tee "pointer_basic_helloworld_app.elf.size"
   text	   data	    bss	    dec	    hex	filename
  22304	   1152	  22584	  46040	   b3d8	pointer_basic_helloworld_app.elf
'Finished building: pointer_basic_helloworld_app.elf.size'
' '
00:14:37 **** Auto Build of configuration Debug for project pointer_basic_helloworld_app ****
make pre-build main-build 
a9-linaro-pre-build-step
' '
'Building file: ../src/helloworld.c'
'Invoking: ARM v7 gcc compiler'
arm-none-eabi-gcc -Wall -O0 -g3 -c -fmessage-length=0 -MT"src/helloworld.o" -mcpu=cortex-a9 -mfpu=vfpv3 -mfloat-abi=hard -I../../standalone_bsp_0/ps7_cortexa9_0/include -MMD -MP -MF"src/helloworld.d" -MT"src/helloworld.o" -o "src/helloworld.o" "../src/helloworld.c"
../src/helloworld.c: In function 'main':
../src/helloworld.c:106:13: warning: unused variable 'intCntrlInstance' [-Wunused-variable]
     XScuGic intCntrlInstance;
             ^~~~~~~~~~~~~~~~
../src/helloworld.c:103:20: warning: unused variable 'hlsHwInstance' [-Wunused-variable]
     XPointer_basic hlsHwInstance;
                    ^~~~~~~~~~~~~
../src/helloworld.c: In function 'hls_hw_init':
../src/helloworld.c:94:1: warning: control reaches end of non-void function [-Wreturn-type]
 }
 ^
'Finished building: ../src/helloworld.c'
' '
'Building target: pointer_basic_helloworld_app.elf'
'Invoking: ARM v7 gcc linker'
arm-none-eabi-gcc -mcpu=cortex-a9 -mfpu=vfpv3 -mfloat-abi=hard -Wl,-build-id=none -specs=Xilinx.spec -Wl,-T -Wl,../src/lscript.ld -L../../standalone_bsp_0/ps7_cortexa9_0/lib -o "pointer_basic_helloworld_app.elf"  ./src/helloworld.o ./src/platform.o   -Wl,--start-group,-lxil,-lgcc,-lc,--end-group
'Finished building target: pointer_basic_helloworld_app.elf'
' '
'Invoking: ARM v7 Print Size'
arm-none-eabi-size pointer_basic_helloworld_app.elf  |tee "pointer_basic_helloworld_app.elf.size"
   text	   data	    bss	    dec	    hex	filename
  22304	   1152	  22584	  46040	   b3d8	pointer_basic_helloworld_app.elf
'Finished building: pointer_basic_helloworld_app.elf.size'
' '
00:14:49 **** Auto Build of configuration Debug for project pointer_basic_helloworld_app ****
make pre-build main-build 
a9-linaro-pre-build-step
' '
'Building file: ../src/helloworld.c'
'Invoking: ARM v7 gcc compiler'
arm-none-eabi-gcc -Wall -O0 -g3 -c -fmessage-length=0 -MT"src/helloworld.o" -mcpu=cortex-a9 -mfpu=vfpv3 -mfloat-abi=hard -I../../standalone_bsp_0/ps7_cortexa9_0/include -MMD -MP -MF"src/helloworld.d" -MT"src/helloworld.o" -o "src/helloworld.o" "../src/helloworld.c"
../src/helloworld.c: In function 'hls_macc_isr':
[...]
make pre-build main-build 
a9-linaro-pre-build-step
' '
'Building file: ../src/helloworld.c'
'Invoking: ARM v7 gcc compiler'
arm-none-eabi-gcc -Wall -O0 -g3 -c -fmessage-length=0 -MT"src/helloworld.o" -mcpu=cortex-a9 -mfpu=vfpv3 -mfloat-abi=hard -I../../standalone_bsp_0/ps7_cortexa9_0/include -MMD -MP -MF"src/helloworld.d" -MT"src/helloworld.o" -o "src/helloworld.o" "../src/helloworld.c"
../src/helloworld.c: In function 'main':
../src/helloworld.c:227:5: error: 'res_hw' undeclared (first use in this function)
     res_hw = XPointer_basic_Get_d_o(&hlsHwInstance)
     ^~~~~~
../src/helloworld.c:227:5: note: each undeclared identifier is reported only once for each function it appears in
../src/helloworld.c:230:5: error: expected ';' before 'cleanup_platform'
     cleanup_platform();
     ^~~~~~~~~~~~~~~~
../src/helloworld.c:182:9: warning: unused variable 'sw_res_data' [-Wunused-variable]
     int sw_res_data;
         ^~~~~~~~~~~
../src/helloworld.c:181:9: warning: unused variable 'hw_res_data' [-Wunused-variable]
     int hw_res_data;
         ^~~~~~~~~~~
../src/helloworld.c: In function 'hls_hw_init':
../src/helloworld.c:173:1: warning: control reaches end of non-void function [-Wreturn-type]
 }
 ^
make: *** [src/helloworld.o] Error 1
01:12:52 **** Auto Build of configuration Debug for project pointer_basic_helloworld_app ****
make pre-build main-build 
a9-linaro-pre-build-step
' '
'Building file: ../src/helloworld.c'
'Invoking: ARM v7 gcc compiler'
arm-none-eabi-gcc -Wall -O0 -g3 -c -fmessage-length=0 -MT"src/helloworld.o" -mcpu=cortex-a9 -mfpu=vfpv3 -mfloat-abi=hard -I../../standalone_bsp_0/ps7_cortexa9_0/include -MMD -MP -MF"src/helloworld.d" -MT"src/helloworld.o" -o "src/helloworld.o" "../src/helloworld.c"
../src/helloworld.c: In function 'main':
../src/helloworld.c:227:5: error: 'res_hw' undeclared (first use in this function)
     res_hw = XPointer_basic_Get_d_o(&hlsHwInstance);
     ^~~~~~
../src/helloworld.c:227:5: note: each undeclared identifier is reported only once for each function it appears in
../src/helloworld.c:182:9: warning: unused variable 'sw_res_data' [-Wunused-variable]
     int sw_res_data;
         ^~~~~~~~~~~
../src/helloworld.c:181:9: warning: unused variable 'hw_res_data' [-Wunused-variable]
     int hw_res_data;
         ^~~~~~~~~~~
../src/helloworld.c: In function 'hls_hw_init':
../src/helloworld.c:173:1: warning: control reaches end of non-void function [-Wreturn-type]
 }
 ^
make: *** [src/helloworld.o] Error 1
01:13:12 **** Auto Build of configuration Debug for project pointer_basic_helloworld_app ****
make pre-build main-build 
a9-linaro-pre-build-step
' '
'Building file: ../src/helloworld.c'
'Invoking: ARM v7 gcc compiler'
arm-none-eabi-gcc -Wall -O0 -g3 -c -fmessage-length=0 -MT"src/helloworld.o" -mcpu=cortex-a9 -mfpu=vfpv3 -mfloat-abi=hard -I../../standalone_bsp_0/ps7_cortexa9_0/include -MMD -MP -MF"src/helloworld.d" -MT"src/helloworld.o" -o "src/helloworld.o" "../src/helloworld.c"
../src/helloworld.c: In function 'main':
../src/helloworld.c:227:5: error: 'res_hw' undeclared (first use in this function)
     res_hw = XPointer_basic_Get_d_o(&hlsHwInstance);
     ^~~~~~
../src/helloworld.c:227:5: note: each undeclared identifier is reported only once for each function it appears in
../src/helloworld.c:182:9: warning: unused variable 'sw_res_data' [-Wunused-variable]
     int sw_res_data;
         ^~~~~~~~~~~
../src/helloworld.c:181:9: warning: unused variable 'hw_res_data' [-Wunused-variable]
     int hw_res_data;
         ^~~~~~~~~~~
../src/helloworld.c: In function 'hls_hw_init':
../src/helloworld.c:173:1: warning: control reaches end of non-void function [-Wreturn-type]
 }
 ^
make: *** [src/helloworld.o] Error 1
01:13:21 **** Auto Build of configuration Debug for project pointer_basic_helloworld_app ****
make pre-build main-build 
a9-linaro-pre-build-step
' '
'Building file: ../src/helloworld.c'
'Invoking: ARM v7 gcc compiler'
arm-none-eabi-gcc -Wall -O0 -g3 -c -fmessage-length=0 -MT"src/helloworld.o" -mcpu=cortex-a9 -mfpu=vfpv3 -mfloat-abi=hard -I../../standalone_bsp_0/ps7_cortexa9_0/include -MMD -MP -MF"src/helloworld.d" -MT"src/helloworld.o" -o "src/helloworld.o" "../src/helloworld.c"
../src/helloworld.c: In function 'main':
../src/helloworld.c:182:9: warning: unused variable 'sw_res_data' [-Wunused-variable]
     int sw_res_data;
         ^~~~~~~~~~~
../src/helloworld.c:181:9: warning: variable 'hw_res_data' set but not used [-Wunused-but-set-variable]
     int hw_res_data;
         ^~~~~~~~~~~
../src/helloworld.c: In function 'hls_hw_init':
../src/helloworld.c:173:1: warning: control reaches end of non-void function [-Wreturn-type]
 }
 ^
'Finished building: ../src/helloworld.c'
' '
'Building target: pointer_basic_helloworld_app.elf'
'Invoking: ARM v7 gcc linker'
arm-none-eabi-gcc -mcpu=cortex-a9 -mfpu=vfpv3 -mfloat-abi=hard -Wl,-build-id=none -specs=Xilinx.spec -Wl,-T -Wl,../src/lscript.ld -L../../standalone_bsp_0/ps7_cortexa9_0/lib -o "pointer_basic_helloworld_app.elf"  ./src/helloworld.o ./src/platform.o   -Wl,--start-group,-lxil,-lgcc,-lc,--end-group
'Finished building target: pointer_basic_helloworld_app.elf'
' '
'Invoking: ARM v7 Print Size'
arm-none-eabi-size pointer_basic_helloworld_app.elf  |tee "pointer_basic_helloworld_app.elf.size"
   text	   data	    bss	    dec	    hex	filename
  26620	   2728	  22600	  51948	   caec	pointer_basic_helloworld_app.elf
'Finished building: pointer_basic_helloworld_app.elf.size'
' '
01:13:40 **** Auto Build of configuration Debug for project pointer_basic_helloworld_app ****
make pre-build main-build 
a9-linaro-pre-build-step
' '
'Building file: ../src/helloworld.c'
'Invoking: ARM v7 gcc compiler'
arm-none-eabi-gcc -Wall -O0 -g3 -c -fmessage-length=0 -MT"src/helloworld.o" -mcpu=cortex-a9 -mfpu=vfpv3 -mfloat-abi=hard -I../../standalone_bsp_0/ps7_cortexa9_0/include -MMD -MP -MF"src/helloworld.d" -MT"src/helloworld.o" -o "src/helloworld.o" "../src/helloworld.c"
../src/helloworld.c: In function 'main':
../src/helloworld.c:182:9: warning: unused variable 'sw_res_data' [-Wunused-variable]
     int sw_res_data;
         ^~~~~~~~~~~
../src/helloworld.c:181:9: warning: variable 'hw_res_data' set but not used [-Wunused-but-set-variable]
     int hw_res_data;
         ^~~~~~~~~~~
../src/helloworld.c: In function 'hls_hw_init':
../src/helloworld.c:173:1: warning: control reaches end of non-void function [-Wreturn-type]
 }
 ^
'Finished building: ../src/helloworld.c'
' '
'Building target: pointer_basic_helloworld_app.elf'
'Invoking: ARM v7 gcc linker'
arm-none-eabi-gcc -mcpu=cortex-a9 -mfpu=vfpv3 -mfloat-abi=hard -Wl,-build-id=none -specs=Xilinx.spec -Wl,-T -Wl,../src/lscript.ld -L../../standalone_bsp_0/ps7_cortexa9_0/lib -o "pointer_basic_helloworld_app.elf"  ./src/helloworld.o ./src/platform.o   -Wl,--start-group,-lxil,-lgcc,-lc,--end-group
'Finished building target: pointer_basic_helloworld_app.elf'
' '
'Invoking: ARM v7 Print Size'
arm-none-eabi-size pointer_basic_helloworld_app.elf  |tee "pointer_basic_helloworld_app.elf.size"
   text	   data	    bss	    dec	    hex	filename
  26620	   2728	  22600	  51948	   caec	pointer_basic_helloworld_app.elf
'Finished building: pointer_basic_helloworld_app.elf.size'
' '
01:13:50 **** Auto Build of configuration Debug for project pointer_basic_helloworld_app ****
make pre-build main-build 
a9-linaro-pre-build-step
' '
'Building file: ../src/helloworld.c'
'Invoking: ARM v7 gcc compiler'
arm-none-eabi-gcc -Wall -O0 -g3 -c -fmessage-length=0 -MT"src/helloworld.o" -mcpu=cortex-a9 -mfpu=vfpv3 -mfloat-abi=hard -I../../standalone_bsp_0/ps7_cortexa9_0/include -MMD -MP -MF"src/helloworld.d" -MT"src/helloworld.o" -o "src/helloworld.o" "../src/helloworld.c"
../src/helloworld.c: In function 'main':
../src/helloworld.c:182:9: warning: unused variable 'sw_res_data' [-Wunused-variable]
     int sw_res_data;
         ^~~~~~~~~~~
../src/helloworld.c:181:9: warning: variable 'hw_res_data' set but not used [-Wunused-but-set-variable]
     int hw_res_data;
         ^~~~~~~~~~~
../src/helloworld.c: In function 'hls_hw_init':
../src/helloworld.c:173:1: warning: control reaches end of non-void function [-Wreturn-type]
 }
 ^
'Finished building: ../src/helloworld.c'
' '
'Building target: pointer_basic_helloworld_app.elf'
'Invoking: ARM v7 gcc linker'
arm-none-eabi-gcc -mcpu=cortex-a9 -mfpu=vfpv3 -mfloat-abi=hard -Wl,-build-id=none -specs=Xilinx.spec -Wl,-T -Wl,../src/lscript.ld -L../../standalone_bsp_0/ps7_cortexa9_0/lib -o "pointer_basic_helloworld_app.elf"  ./src/helloworld.o ./src/platform.o   -Wl,--start-group,-lxil,-lgcc,-lc,--end-group
'Finished building target: pointer_basic_helloworld_app.elf'
' '
'Invoking: ARM v7 Print Size'
arm-none-eabi-size pointer_basic_helloworld_app.elf  |tee "pointer_basic_helloworld_app.elf.size"
   text	   data	    bss	    dec	    hex	filename
  26620	   2728	  22600	  51948	   caec	pointer_basic_helloworld_app.elf
'Finished building: pointer_basic_helloworld_app.elf.size'
' '
01:14:05 **** Auto Build of configuration Debug for project pointer_basic_helloworld_app ****
make pre-build main-build 
a9-linaro-pre-build-step
' '
'Building file: ../src/helloworld.c'
'Invoking: ARM v7 gcc compiler'
arm-none-eabi-gcc -Wall -O0 -g3 -c -fmessage-length=0 -MT"src/helloworld.o" -mcpu=cortex-a9 -mfpu=vfpv3 -mfloat-abi=hard -I../../standalone_bsp_0/ps7_cortexa9_0/include -MMD -MP -MF"src/helloworld.d" -MT"src/helloworld.o" -o "src/helloworld.o" "../src/helloworld.c"
../src/helloworld.c: In function 'main':
../src/helloworld.c:181:9: warning: variable 'hw_res_data' set but not used [-Wunused-but-set-variable]
     int hw_res_data;
         ^~~~~~~~~~~
../src/helloworld.c: In function 'hls_hw_init':
../src/helloworld.c:173:1: warning: control reaches end of non-void function [-Wreturn-type]
 }
 ^
'Finished building: ../src/helloworld.c'
' '
'Building target: pointer_basic_helloworld_app.elf'
'Invoking: ARM v7 gcc linker'
arm-none-eabi-gcc -mcpu=cortex-a9 -mfpu=vfpv3 -mfloat-abi=hard -Wl,-build-id=none -specs=Xilinx.spec -Wl,-T -Wl,../src/lscript.ld -L../../standalone_bsp_0/ps7_cortexa9_0/lib -o "pointer_basic_helloworld_app.elf"  ./src/helloworld.o ./src/platform.o   -Wl,--start-group,-lxil,-lgcc,-lc,--end-group
'Finished building target: pointer_basic_helloworld_app.elf'
' '
'Invoking: ARM v7 Print Size'
arm-none-eabi-size pointer_basic_helloworld_app.elf  |tee "pointer_basic_helloworld_app.elf.size"
   text	   data	    bss	    dec	    hex	filename
  26636	   2728	  22600	  51964	   cafc	pointer_basic_helloworld_app.elf
'Finished building: pointer_basic_helloworld_app.elf.size'
' '
01:15:00 **** Auto Build of configuration Debug for project pointer_basic_helloworld_app ****
make pre-build main-build 
a9-linaro-pre-build-step
' '
'Building file: ../src/helloworld.c'
'Invoking: ARM v7 gcc compiler'
arm-none-eabi-gcc -Wall -O0 -g3 -c -fmessage-length=0 -MT"src/helloworld.o" -mcpu=cortex-a9 -mfpu=vfpv3 -mfloat-abi=hard -I../../standalone_bsp_0/ps7_cortexa9_0/include -MMD -MP -MF"src/helloworld.d" -MT"src/helloworld.o" -o "src/helloworld.o" "../src/helloworld.c"
../src/helloworld.c: In function 'hls_hw_init':
../src/helloworld.c:173:1: warning: control reaches end of non-void function [-Wreturn-type]
 }
 ^
'Finished building: ../src/helloworld.c'
' '
'Building target: pointer_basic_helloworld_app.elf'
'Invoking: ARM v7 gcc linker'
arm-none-eabi-gcc -mcpu=cortex-a9 -mfpu=vfpv3 -mfloat-abi=hard -Wl,-build-id=none -specs=Xilinx.spec -Wl,-T -Wl,../src/lscript.ld -L../../standalone_bsp_0/ps7_cortexa9_0/lib -o "pointer_basic_helloworld_app.elf"  ./src/helloworld.o ./src/platform.o   -Wl,--start-group,-lxil,-lgcc,-lc,--end-group
'Finished building target: pointer_basic_helloworld_app.elf'
' '
'Invoking: ARM v7 Print Size'
arm-none-eabi-size pointer_basic_helloworld_app.elf  |tee "pointer_basic_helloworld_app.elf.size"
   text	   data	    bss	    dec	    hex	filename
  26704	   2728	  22600	  52032	   cb40	pointer_basic_helloworld_app.elf
'Finished building: pointer_basic_helloworld_app.elf.size'
' '
01:15:31 **** Auto Build of configuration Debug for project pointer_basic_helloworld_app ****
make pre-build main-build 
a9-linaro-pre-build-step
' '
'Building file: ../src/helloworld.c'
'Invoking: ARM v7 gcc compiler'
arm-none-eabi-gcc -Wall -O0 -g3 -c -fmessage-length=0 -MT"src/helloworld.o" -mcpu=cortex-a9 -mfpu=vfpv3 -mfloat-abi=hard -I../../standalone_bsp_0/ps7_cortexa9_0/include -MMD -MP -MF"src/helloworld.d" -MT"src/helloworld.o" -o "src/helloworld.o" "../src/helloworld.c"
../src/helloworld.c: In function 'hls_hw_init':
../src/helloworld.c:173:1: warning: control reaches end of non-void function [-Wreturn-type]
 }
 ^
'Finished building: ../src/helloworld.c'
' '
'Building target: pointer_basic_helloworld_app.elf'
'Invoking: ARM v7 gcc linker'
arm-none-eabi-gcc -mcpu=cortex-a9 -mfpu=vfpv3 -mfloat-abi=hard -Wl,-build-id=none -specs=Xilinx.spec -Wl,-T -Wl,../src/lscript.ld -L../../standalone_bsp_0/ps7_cortexa9_0/lib -o "pointer_basic_helloworld_app.elf"  ./src/helloworld.o ./src/platform.o   -Wl,--start-group,-lxil,-lgcc,-lc,--end-group
'Finished building target: pointer_basic_helloworld_app.elf'
' '
'Invoking: ARM v7 Print Size'
arm-none-eabi-size pointer_basic_helloworld_app.elf  |tee "pointer_basic_helloworld_app.elf.size"
   text	   data	    bss	    dec	    hex	filename
  26712	   2728	  22600	  52040	   cb48	pointer_basic_helloworld_app.elf
'Finished building: pointer_basic_helloworld_app.elf.size'
' '
01:15:44 **** Auto Build of configuration Debug for project pointer_basic_helloworld_app ****
make pre-build main-build 
a9-linaro-pre-build-step
' '
'Building file: ../src/helloworld.c'
'Invoking: ARM v7 gcc compiler'
arm-none-eabi-gcc -Wall -O0 -g3 -c -fmessage-length=0 -MT"src/helloworld.o" -mcpu=cortex-a9 -mfpu=vfpv3 -mfloat-abi=hard -I../../standalone_bsp_0/ps7_cortexa9_0/include -MMD -MP -MF"src/helloworld.d" -MT"src/helloworld.o" -o "src/helloworld.o" "../src/helloworld.c"
../src/helloworld.c: In function 'hls_hw_init':
../src/helloworld.c:173:1: warning: control reaches end of non-void function [-Wreturn-type]
 }
 ^
'Finished building: ../src/helloworld.c'
' '
'Building target: pointer_basic_helloworld_app.elf'
'Invoking: ARM v7 gcc linker'
arm-none-eabi-gcc -mcpu=cortex-a9 -mfpu=vfpv3 -mfloat-abi=hard -Wl,-build-id=none -specs=Xilinx.spec -Wl,-T -Wl,../src/lscript.ld -L../../standalone_bsp_0/ps7_cortexa9_0/lib -o "pointer_basic_helloworld_app.elf"  ./src/helloworld.o ./src/platform.o   -Wl,--start-group,-lxil,-lgcc,-lc,--end-group
'Finished building target: pointer_basic_helloworld_app.elf'
' '
'Invoking: ARM v7 Print Size'
arm-none-eabi-size pointer_basic_helloworld_app.elf  |tee "pointer_basic_helloworld_app.elf.size"
   text	   data	    bss	    dec	    hex	filename
  26784	   2728	  22600	  52112	   cb90	pointer_basic_helloworld_app.elf
'Finished building: pointer_basic_helloworld_app.elf.size'
' '
01:15:49 **** Auto Build of configuration Debug for project pointer_basic_helloworld_app ****
make pre-build main-build 
a9-linaro-pre-build-step
' '
'Building file: ../src/helloworld.c'
'Invoking: ARM v7 gcc compiler'
arm-none-eabi-gcc -Wall -O0 -g3 -c -fmessage-length=0 -MT"src/helloworld.o" -mcpu=cortex-a9 -mfpu=vfpv3 -mfloat-abi=hard -I../../standalone_bsp_0/ps7_cortexa9_0/include -MMD -MP -MF"src/helloworld.d" -MT"src/helloworld.o" -o "src/helloworld.o" "../src/helloworld.c"
../src/helloworld.c: In function 'hls_hw_init':
../src/helloworld.c:173:1: warning: control reaches end of non-void function [-Wreturn-type]
 }
 ^
'Finished building: ../src/helloworld.c'
' '
'Building target: pointer_basic_helloworld_app.elf'
'Invoking: ARM v7 gcc linker'
arm-none-eabi-gcc -mcpu=cortex-a9 -mfpu=vfpv3 -mfloat-abi=hard -Wl,-build-id=none -specs=Xilinx.spec -Wl,-T -Wl,../src/lscript.ld -L../../standalone_bsp_0/ps7_cortexa9_0/lib -o "pointer_basic_helloworld_app.elf"  ./src/helloworld.o ./src/platform.o   -Wl,--start-group,-lxil,-lgcc,-lc,--end-group
'Finished building target: pointer_basic_helloworld_app.elf'
' '
'Invoking: ARM v7 Print Size'
arm-none-eabi-size pointer_basic_helloworld_app.elf  |tee "pointer_basic_helloworld_app.elf.size"
   text	   data	    bss	    dec	    hex	filename
  26784	   2728	  22600	  52112	   cb90	pointer_basic_helloworld_app.elf
'Finished building: pointer_basic_helloworld_app.elf.size'
' '
01:15:58 **** Auto Build of configuration Debug for project pointer_basic_helloworld_app ****
make pre-build main-build 
a9-linaro-pre-build-step
' '
'Building file: ../src/helloworld.c'
'Invoking: ARM v7 gcc compiler'
arm-none-eabi-gcc -Wall -O0 -g3 -c -fmessage-length=0 -MT"src/helloworld.o" -mcpu=cortex-a9 -mfpu=vfpv3 -mfloat-abi=hard -I../../standalone_bsp_0/ps7_cortexa9_0/include -MMD -MP -MF"src/helloworld.d" -MT"src/helloworld.o" -o "src/helloworld.o" "../src/helloworld.c"
../src/helloworld.c: In function 'hls_hw_init':
../src/helloworld.c:173:1: warning: control reaches end of non-void function [-Wreturn-type]
 }
 ^
'Finished building: ../src/helloworld.c'
' '
'Building target: pointer_basic_helloworld_app.elf'
'Invoking: ARM v7 gcc linker'
arm-none-eabi-gcc -mcpu=cortex-a9 -mfpu=vfpv3 -mfloat-abi=hard -Wl,-build-id=none -specs=Xilinx.spec -Wl,-T -Wl,../src/lscript.ld -L../../standalone_bsp_0/ps7_cortexa9_0/lib -o "pointer_basic_helloworld_app.elf"  ./src/helloworld.o ./src/platform.o   -Wl,--start-group,-lxil,-lgcc,-lc,--end-group
'Finished building target: pointer_basic_helloworld_app.elf'
' '
'Invoking: ARM v7 Print Size'
arm-none-eabi-size pointer_basic_helloworld_app.elf  |tee "pointer_basic_helloworld_app.elf.size"
   text	   data	    bss	    dec	    hex	filename
  26784	   2728	  22600	  52112	   cb90	pointer_basic_helloworld_app.elf
'Finished building: pointer_basic_helloworld_app.elf.size'
' '
01:16:02 **** Auto Build of configuration Debug for project pointer_basic_helloworld_app ****
make pre-build main-build 
a9-linaro-pre-build-step
' '
'Building file: ../src/helloworld.c'
'Invoking: ARM v7 gcc compiler'
arm-none-eabi-gcc -Wall -O0 -g3 -c -fmessage-length=0 -MT"src/helloworld.o" -mcpu=cortex-a9 -mfpu=vfpv3 -mfloat-abi=hard -I../../standalone_bsp_0/ps7_cortexa9_0/include -MMD -MP -MF"src/helloworld.d" -MT"src/helloworld.o" -o "src/helloworld.o" "../src/helloworld.c"
../src/helloworld.c: In function 'hls_hw_init':
../src/helloworld.c:173:1: warning: control reaches end of non-void function [-Wreturn-type]
 }
 ^
'Finished building: ../src/helloworld.c'
' '
'Building target: pointer_basic_helloworld_app.elf'
'Invoking: ARM v7 gcc linker'
arm-none-eabi-gcc -mcpu=cortex-a9 -mfpu=vfpv3 -mfloat-abi=hard -Wl,-build-id=none -specs=Xilinx.spec -Wl,-T -Wl,../src/lscript.ld -L../../standalone_bsp_0/ps7_cortexa9_0/lib -o "pointer_basic_helloworld_app.elf"  ./src/helloworld.o ./src/platform.o   -Wl,--start-group,-lxil,-lgcc,-lc,--end-group
'Finished building target: pointer_basic_helloworld_app.elf'
' '
'Invoking: ARM v7 Print Size'
arm-none-eabi-size pointer_basic_helloworld_app.elf  |tee "pointer_basic_helloworld_app.elf.size"
   text	   data	    bss	    dec	    hex	filename
  26784	   2728	  22600	  52112	   cb90	pointer_basic_helloworld_app.elf
'Finished building: pointer_basic_helloworld_app.elf.size'
' '
01:16:12 **** Incremental Build of configuration Debug for project pointer_basic_helloworld_app ****
make pre-build main-build 
a9-linaro-pre-build-step
' '
make: Nothing to be done for `main-build'.

**** Build of configuration Debug for project pointer_basic_app ****

Nothing to build for project pointer_basic_app
01:17:03 **** Incremental Build of configuration Debug for project pointer_basic_helloworld_app ****
make pre-build main-build 
a9-linaro-pre-build-step
' '
make: Nothing to be done for `main-build'.
01:17:16 **** Incremental Build of configuration Debug for project pointer_basic_helloworld_app ****
make pre-build main-build 
a9-linaro-pre-build-step
' '
make: Nothing to be done for `main-build'.
