00:28:19 **** Build of configuration Debug for project gcd_zynq_snick_sw ****
make pre-build main-build 
a9-linaro-pre-build-step
' '
'Building file: ../src/gcd_main.c'
'Invoking: ARM v7 gcc compiler'
arm-none-eabi-gcc -Wall -O0 -g3 -c -fmessage-length=0 -MT"src/gcd_main.o" -mcpu=cortex-a9 -mfpu=vfpv3 -mfloat-abi=hard -I../../gcd_zynq_snick_sw_bsp/ps7_cortexa9_0/include -MMD -MP -MF"src/gcd_main.d" -MT"src/gcd_main.o" -o "src/gcd_main.o" "../src/gcd_main.c"
'Finished building: ../src/gcd_main.c'
' '
'Building file: ../src/platform.c'
'Invoking: ARM v7 gcc compiler'
arm-none-eabi-gcc -Wall -O0 -g3 -c -fmessage-length=0 -MT"src/platform.o" -mcpu=cortex-a9 -mfpu=vfpv3 -mfloat-abi=hard -I../../gcd_zynq_snick_sw_bsp/ps7_cortexa9_0/include -MMD -MP -MF"src/platform.d" -MT"src/platform.o" -o "src/platform.o" "../src/platform.c"
'Finished building: ../src/platform.c'
' '
'Building target: gcd_zynq_snick_sw.elf'
'Invoking: ARM v7 gcc linker'
arm-none-eabi-gcc -mcpu=cortex-a9 -mfpu=vfpv3 -mfloat-abi=hard -Wl,-build-id=none -specs=Xilinx.spec -Wl,-T -Wl,../src/lscript.ld -L../../gcd_zynq_snick_sw_bsp/ps7_cortexa9_0/lib -o "gcd_zynq_snick_sw.elf"  ./src/gcd_main.o ./src/platform.o   -Wl,--start-group,-lxil,-lgcc,-lc,--end-group
'Finished building target: gcd_zynq_snick_sw.elf'
' '
'Invoking: ARM v7 Print Size'
arm-none-eabi-size gcd_zynq_snick_sw.elf  |tee "gcd_zynq_snick_sw.elf.size"
   text	   data	    bss	    dec	    hex	filename
  78124	   4164	  23360	 105648	  19cb0	gcd_zynq_snick_sw.elf
'Finished building: gcd_zynq_snick_sw.elf.size'
' '

00:28:25 Build Finished (took 5s.248ms)

