03:17:47 **** Incremental Build of configuration Release for project zybo_zynq_lab1_design ****
make pre-build main-build 
a9-linaro-pre-build-step
' '
'Building file: ../src/helloworld.c'
'Invoking: ARM v7 gcc compiler'
arm-none-eabi-gcc -Wall -O2 -c -fmessage-length=0 -MT"src/helloworld.o" -mcpu=cortex-a9 -mfpu=vfpv3 -mfloat-abi=hard -I../../zybo_zynq_lab1_design_bsp/ps7_cortexa9_0/include -MMD -MP -MF"src/helloworld.d" -MT"src/helloworld.o" -o "src/helloworld.o" "../src/helloworld.c"
'Finished building: ../src/helloworld.c'
' '
'Building file: ../src/zynq_design_test.c'
'Invoking: ARM v7 gcc compiler'
arm-none-eabi-gcc -Wall -O2 -c -fmessage-length=0 -MT"src/zynq_design_test.o" -mcpu=cortex-a9 -mfpu=vfpv3 -mfloat-abi=hard -I../../zybo_zynq_lab1_design_bsp/ps7_cortexa9_0/include -MMD -MP -MF"src/zynq_design_test.d" -MT"src/zynq_design_test.o" -o "src/zynq_design_test.o" "../src/zynq_design_test.c"
'Finished building: ../src/zynq_design_test.c'
' '
'Building target: zybo_zynq_lab1_design.elf'
'Invoking: ARM v7 gcc linker'
arm-none-eabi-gcc -mcpu=cortex-a9 -mfpu=vfpv3 -mfloat-abi=hard -Wl,-build-id=none -specs=Xilinx.spec -Wl,-T -Wl,../src/lscript.ld -L../../zybo_zynq_lab1_design_bsp/ps7_cortexa9_0/lib -o "zybo_zynq_lab1_design.elf"  ./src/helloworld.o ./src/platform.o ./src/zynq_design_test.o   -Wl,--start-group,-lxil,-lgcc,-lc,--end-group
'Finished building target: zybo_zynq_lab1_design.elf'
' '
'Invoking: ARM v7 Print Size'
arm-none-eabi-size zybo_zynq_lab1_design.elf  |tee "zybo_zynq_lab1_design.elf.size"
   text	   data	    bss	    dec	    hex	filename
  77872	   4164	  23376	 105412	  19bc4	zybo_zynq_lab1_design.elf
'Finished building: zybo_zynq_lab1_design.elf.size'
' '

03:17:53 Build Finished (took 5s.366ms)

03:17:53 **** Incremental Build of configuration Debug for project zybo_zynq_lab1_design ****
make pre-build main-build 
a9-linaro-pre-build-step
' '
make: Nothing to be done for `main-build'.
03:18:25 **** Incremental Build of configuration Debug for project zybo_zynq_lab1_design ****
make pre-build main-build 
a9-linaro-pre-build-step
' '
make: Nothing to be done for `main-build'.
15:22:26 **** Incremental Build of configuration Debug for project zybo_zynq_lab1_design ****
make pre-build main-build 
a9-linaro-pre-build-step
' '
make: Nothing to be done for `main-build'.
15:23:13 **** Incremental Build of configuration Debug for project zybo_zynq_lab1_design ****
make pre-build main-build 
a9-linaro-pre-build-step
' '
make: Nothing to be done for `main-build'.
15:24:26 **** Auto Build of configuration Debug for project zybo_zynq_lab1_design ****
make pre-build main-build 
a9-linaro-pre-build-step
' '
'Building file: ../src/zynq_design_test.c'
'Invoking: ARM v7 gcc compiler'
arm-none-eabi-gcc -Wall -O0 -g3 -c -fmessage-length=0 -MT"src/zynq_design_test.o" -mcpu=cortex-a9 -mfpu=vfpv3 -mfloat-abi=hard -I../../zybo_zynq_lab1_design_bsp/ps7_cortexa9_0/include -MMD -MP -MF"src/zynq_design_test.d" -MT"src/zynq_design_test.o" -o "src/zynq_design_test.o" "../src/zynq_design_test.c"
'Finished building: ../src/zynq_design_test.c'
' '
'Building target: zybo_zynq_lab1_design.elf'
'Invoking: ARM v7 gcc linker'
arm-none-eabi-gcc -mcpu=cortex-a9 -mfpu=vfpv3 -mfloat-abi=hard -Wl,-build-id=none -specs=Xilinx.spec -Wl,-T -Wl,../src/lscript.ld -L../../zybo_zynq_lab1_design_bsp/ps7_cortexa9_0/lib -o "zybo_zynq_lab1_design.elf"  ./src/helloworld.o ./src/platform.o ./src/zynq_design_test.o   -Wl,--start-group,-lxil,-lgcc,-lc,--end-group
'Finished building target: zybo_zynq_lab1_design.elf'
' '
'Invoking: ARM v7 Print Size'
arm-none-eabi-size zybo_zynq_lab1_design.elf  |tee "zybo_zynq_lab1_design.elf.size"
   text	   data	    bss	    dec	    hex	filename
  78296	   4164	  23376	 105836	  19d6c	zybo_zynq_lab1_design.elf
'Finished building: zybo_zynq_lab1_design.elf.size'
' '
15:25:13 **** Incremental Build of configuration Debug for project zybo_zynq_lab1_design ****
make pre-build main-build 
a9-linaro-pre-build-step
' '
make: Nothing to be done for `main-build'.
15:25:24 **** Incremental Build of configuration Debug for project zybo_zynq_lab1_design ****
make pre-build main-build 
a9-linaro-pre-build-step
' '
make: Nothing to be done for `main-build'.
