22:40:15 **** Incremental Build of configuration Release for project gcd_zynq_sw ****
make pre-build main-build 
a9-linaro-pre-build-step
' '
'Building file: ../src/gcd_main.c'
'Invoking: ARM v7 gcc compiler'
arm-none-eabi-gcc -Wall -O2 -c -fmessage-length=0 -MT"src/gcd_main.o" -mcpu=cortex-a9 -mfpu=vfpv3 -mfloat-abi=hard -I../../gcd_zynq_sw_bsp/ps7_cortexa9_0/include -MMD -MP -MF"src/gcd_main.d" -MT"src/gcd_main.o" -o "src/gcd_main.o" "../src/gcd_main.c"
In file included from ../src/gcd_main.c:36:0:
../../gcd_zynq_sw_bsp/ps7_cortexa9_0/include/xtime_l.h:89:9: note: #pragma message: For the sleep routines, Global timer is being used
 #pragma message ("For the sleep routines, Global timer is being used")
         ^~~~~~~
'Finished building: ../src/gcd_main.c'
' '
'Building target: gcd_zynq_sw.elf'
'Invoking: ARM v7 gcc linker'
arm-none-eabi-gcc -mcpu=cortex-a9 -mfpu=vfpv3 -mfloat-abi=hard -Wl,-build-id=none -specs=Xilinx.spec -Wl,-T -Wl,../src/lscript.ld -L../../gcd_zynq_sw_bsp/ps7_cortexa9_0/lib -o "gcd_zynq_sw.elf"  ./src/gcd_main.o ./src/helloworld.o ./src/platform.o   -Wl,--start-group,-lxil,-lgcc,-lc,--end-group
'Finished building target: gcd_zynq_sw.elf'
' '
'Invoking: ARM v7 Print Size'
arm-none-eabi-size gcd_zynq_sw.elf  |tee "gcd_zynq_sw.elf.size"
   text	   data	    bss	    dec	    hex	filename
 129712	   4164	  23360	 157236	  26634	gcd_zynq_sw.elf
'Finished building: gcd_zynq_sw.elf.size'
' '

22:40:17 Build Finished (took 1s.661ms)

22:40:17 **** Incremental Build of configuration Debug for project gcd_zynq_sw ****
make pre-build main-build 
a9-linaro-pre-build-step
' '
make: Nothing to be done for `main-build'.
22:40:20 **** Incremental Build of configuration Debug for project gcd_zynq_sw ****
make pre-build main-build 
a9-linaro-pre-build-step
' '
make: Nothing to be done for `main-build'.
22:41:29 **** Incremental Build of configuration Debug for project gcd_zynq_sw ****
make pre-build main-build 
a9-linaro-pre-build-step
' '
make: Nothing to be done for `main-build'.
